Component: ARM Compiler 5.06 update 7 (build 960) Tool: armlink [4d3601]

==============================================================================

Section Cross References

    startup_stm32f407xx.o(RESET) refers to startup_stm32f407xx.o(STACK) for __initial_sp
    startup_stm32f407xx.o(RESET) refers to startup_stm32f407xx.o(.text) for Reset_Handler
    startup_stm32f407xx.o(RESET) refers to stm32f4xx_it.o(i.NMI_Handler) for NMI_Handler
    startup_stm32f407xx.o(RESET) refers to stm32f4xx_it.o(i.HardFault_Handler) for HardFault_Handler
    startup_stm32f407xx.o(RESET) refers to stm32f4xx_it.o(i.MemManage_Handler) for MemManage_Handler
    startup_stm32f407xx.o(RESET) refers to stm32f4xx_it.o(i.BusFault_Handler) for BusFault_Handler
    startup_stm32f407xx.o(RESET) refers to stm32f4xx_it.o(i.UsageFault_Handler) for UsageFault_Handler
    startup_stm32f407xx.o(RESET) refers to stm32f4xx_it.o(i.SVC_Handler) for SVC_Handler
    startup_stm32f407xx.o(RESET) refers to stm32f4xx_it.o(i.DebugMon_Handler) for DebugMon_Handler
    startup_stm32f407xx.o(RESET) refers to stm32f4xx_it.o(i.PendSV_Handler) for PendSV_Handler
    startup_stm32f407xx.o(RESET) refers to stm32f4xx_it.o(i.SysTick_Handler) for SysTick_Handler
    startup_stm32f407xx.o(RESET) refers to stm32f4xx_it.o(i.ADC_IRQHandler) for ADC_IRQHandler
    startup_stm32f407xx.o(RESET) refers to stm32f4xx_it.o(i.TIM5_IRQHandler) for TIM5_IRQHandler
    startup_stm32f407xx.o(RESET) refers to stm32f4xx_it.o(i.DMA2_Stream0_IRQHandler) for DMA2_Stream0_IRQHandler
    startup_stm32f407xx.o(.text) refers to system_stm32f4xx.o(i.SystemInit) for SystemInit
    startup_stm32f407xx.o(.text) refers to entry.o(.ARM.Collect$$$$00000000) for __main
    pmsm.o(i.Get_Temper) refers to f2d.o(.text) for __aeabi_f2d
    pmsm.o(i.Get_Temper) refers to log.o(i.__hardfp_log) for __hardfp_log
    pmsm.o(i.Get_Temper) refers to d2f.o(.text) for __aeabi_d2f
    pmsm.o(i.Get_Temper) refers to main.o(.data) for ADC_DMABuff
    pmsm.o(i.Get_Temper) refers to pmsm.o(.data) for .data
    pmsm.o(i.Motor_Init) refers to pmsm.o(i.pmsm_state_init) for pmsm_state_init
    pmsm.o(i.Motor_Init) refers to foc.o(i.FOC_Init) for FOC_Init
    pmsm.o(i.Motor_Init) refers to pid.o(i.PID_Init) for PID_Init
    pmsm.o(i.Motor_Init) refers to hall.o(i.Hall_Init) for Hall_Init
    pmsm.o(i.Motor_Init) refers to stm32f4xx_hal_tim.o(i.HAL_TIM_PWM_Start) for HAL_TIM_PWM_Start
    pmsm.o(i.Motor_Init) refers to stm32f4xx_hal_tim_ex.o(i.HAL_TIMEx_PWMN_Start) for HAL_TIMEx_PWMN_Start
    pmsm.o(i.Motor_Init) refers to stm32f4xx_hal_adc_ex.o(i.HAL_ADCEx_InjectedStart_IT) for HAL_ADCEx_InjectedStart_IT
    pmsm.o(i.Motor_Init) refers to stm32f4xx_hal_adc_ex.o(i.HAL_ADCEx_InjectedStart) for HAL_ADCEx_InjectedStart
    pmsm.o(i.Motor_Init) refers to stm32f4xx_hal_adc.o(i.HAL_ADC_Start_DMA) for HAL_ADC_Start_DMA
    pmsm.o(i.Motor_Init) refers to tim.o(.bss) for htim1
    pmsm.o(i.Motor_Init) refers to adc.o(.bss) for hadc1
    pmsm.o(i.Motor_Init) refers to main.o(.data) for ADC_DMABuff
    pmsm.o(i.Motor_Run) refers to foc.o(i.FOC_Run) for FOC_Run
    pmsm.o(i.Motor_Run) refers to pmsm.o(.data) for .data
    pmsm.o(i.Motor_Run) refers to pid.o(.bss) for Speed_PID
    pmsm.o(i.Motor_Run) refers to foc.o(.bss) for rtX
    pmsm.o(i.Motor_Run) refers to hall.o(.bss) for Hall
    pmsm.o(i.pmsm_state_init) refers to pmsm.o(.data) for .data
    foc.o(i.Angle_To_Cos_Sin) refers to cosf.o(i.__hardfp_cosf) for __hardfp_cosf
    foc.o(i.Angle_To_Cos_Sin) refers to sinf.o(i.__hardfp_sinf) for __hardfp_sinf
    foc.o(i.FOC_Init) refers to foc.o(.bss) for .bss
    foc.o(i.FOC_Init) refers to foc.o(.data) for .data
    foc.o(i.FOC_Init) refers to hall.o(.bss) for Hall
    foc.o(i.FOC_Init) refers to pid.o(.bss) for Speed_PID
    foc.o(i.FOC_Run) refers to foc.o(i.Clarke_Transf) for Clarke_Transf
    foc.o(i.FOC_Run) refers to foc.o(i.Angle_To_Cos_Sin) for Angle_To_Cos_Sin
    foc.o(i.FOC_Run) refers to foc.o(i.Park_Transf) for Park_Transf
    foc.o(i.FOC_Run) refers to pid.o(i.Current_PID_Calc) for Current_PID_Calc
    foc.o(i.FOC_Run) refers to foc.o(i.Rev_Park_Transf) for Rev_Park_Transf
    foc.o(i.FOC_Run) refers to foc.o(i.SVPWM_Calc) for SVPWM_Calc
    foc.o(i.FOC_Run) refers to foc.o(.bss) for .bss
    foc.o(i.FOC_Run) refers to foc.o(.data) for .data
    foc.o(i.FOC_Run) refers to pid.o(.bss) for Current_D_PID
    key.o(i.key_scan) refers to stm32f4xx_hal_gpio.o(i.HAL_GPIO_ReadPin) for HAL_GPIO_ReadPin
    key.o(i.key_scan) refers to stm32f4xx_hal.o(i.HAL_Delay) for HAL_Delay
    key.o(i.key_scan) refers to key.o(.data) for .data
    pid.o(i.PID_Init) refers to foc.o(.bss) for rtX
    pid.o(i.PID_Init) refers to pid.o(.bss) for .bss
    hall.o(i.HAL_TIM_TriggerCallback) refers to stm32f4xx_hal_gpio.o(i.HAL_GPIO_ReadPin) for HAL_GPIO_ReadPin
    hall.o(i.HAL_TIM_TriggerCallback) refers to hall.o(.bss) for .bss
    hall.o(i.HAL_TIM_TriggerCallback) refers to tim.o(.bss) for htim5
[...]
    ../Drivers/STM32F4xx_HAL_Driver/Src/stm32f4xx_hal_tim.c 0x00000000   Number         0  stm32f4xx_hal_tim.o ABSOLUTE
    ../Drivers/STM32F4xx_HAL_Driver/Src/stm32f4xx_hal_tim_ex.c 0x00000000   Number         0  stm32f4xx_hal_tim_ex.o ABSOLUTE
    ../Drivers/STM32F4xx_HAL_Driver/Src/stm32f4xx_hal_uart.c 0x00000000   Number         0  stm32f4xx_hal_uart.o ABSOLUTE
    ../clib/microlib/division.c              0x00000000   Number         0  uidiv.o ABSOLUTE
    ../clib/microlib/division.c              0x00000000   Number         0  uldiv.o ABSOLUTE
    ../clib/microlib/errno.c                 0x00000000   Number         0  errno.o ABSOLUTE
    ../clib/microlib/init/entry.s            0x00000000   Number         0  entry.o ABSOLUTE
    ../clib/microlib/init/entry.s            0x00000000   Number         0  entry2.o ABSOLUTE
    ../clib/microlib/init/entry.s            0x00000000   Number         0  entry5.o ABSOLUTE
    ../clib/microlib/init/entry.s            0x00000000   Number         0  entry7a.o ABSOLUTE
    ../clib/microlib/init/entry.s            0x00000000   Number         0  entry7b.o ABSOLUTE
    ../clib/microlib/init/entry.s            0x00000000   Number         0  entry8a.o ABSOLUTE
    ../clib/microlib/init/entry.s            0x00000000   Number         0  entry9a.o ABSOLUTE
    ../clib/microlib/init/entry.s            0x00000000   Number         0  entry9b.o ABSOLUTE
    ../clib/microlib/init/entry.s            0x00000000   Number         0  entry10a.o ABSOLUTE
    ../clib/microlib/init/entry.s            0x00000000   Number         0  entry10b.o ABSOLUTE
    ../clib/microlib/init/entry.s            0x00000000   Number         0  entry8b.o ABSOLUTE
    ../clib/microlib/init/entry.s            0x00000000   Number         0  entry11b.o ABSOLUTE
    ../clib/microlib/init/entry.s            0x00000000   Number         0  entry12a.o ABSOLUTE
    ../clib/microlib/init/entry.s            0x00000000   Number         0  entry12b.o ABSOLUTE
    ../clib/microlib/init/entry.s            0x00000000   Number         0  entry11a.o ABSOLUTE
    ../clib/microlib/longlong.c              0x00000000   Number         0  llsshr.o ABSOLUTE
    ../clib/microlib/longlong.c              0x00000000   Number         0  llshl.o ABSOLUTE
    ../clib/microlib/longlong.c              0x00000000   Number         0  llushr.o ABSOLUTE
    ../clib/microlib/printf/printf.c         0x00000000   Number         0  printf1.o ABSOLUTE
    ../clib/microlib/printf/printf.c         0x00000000   Number         0  printf0.o ABSOLUTE
    ../clib/microlib/printf/printf.c         0x00000000   Number         0  printfb.o ABSOLUTE
    ../clib/microlib/printf/printf.c         0x00000000   Number         0  printf6.o ABSOLUTE
    ../clib/microlib/printf/printf.c         0x00000000   Number         0  printf5.o ABSOLUTE
    ../clib/microlib/printf/printf.c         0x00000000   Number         0  printf4.o ABSOLUTE
    ../clib/microlib/printf/printf.c         0x00000000   Number         0  printf3.o ABSOLUTE
    ../clib/microlib/printf/printf.c         0x00000000   Number         0  printf2.o ABSOLUTE
    ../clib/microlib/printf/printf.c         0x00000000   Number         0  printfa.o ABSOLUTE
    ../clib/microlib/printf/printf.c         0x00000000   Number         0  printf8.o ABSOLUTE
    ../clib/microlib/printf/printf.c         0x00000000   Number         0  printf7.o ABSOLUTE
    ../clib/microlib/printf/stubs.s          0x00000000   Number         0  stubs.o ABSOLUTE
    ../clib/microlib/stdio/streams.c         0x00000000   Number         0  stdout.o ABSOLUTE
    ../clib/microlib/string/memset.c         0x00000000   Number         0  memseta.o ABSOLUTE
    ../clib/microlib/stubs.s                 0x00000000   Number         0  iusefp.o ABSOLUTE
    ../fplib/microlib/d2f.c                  0x00000000   Number         0  d2f.o ABSOLUTE
    ../fplib/microlib/f2d.c                  0x00000000   Number         0  f2d.o ABSOLUTE
    ../fplib/microlib/fpadd.c                0x00000000   Number         0  dadd.o ABSOLUTE
    ../fplib/microlib/fpdiv.c                0x00000000   Number         0  ddiv.o ABSOLUTE
    ../fplib/microlib/fpepilogue.c           0x00000000   Number         0  fepilogue.o ABSOLUTE
    ../fplib/microlib/fpepilogue.c           0x00000000   Number         0  depilogue.o ABSOLUTE
    ../fplib/microlib/fpfix.c                0x00000000   Number         0  dfixul.o ABSOLUTE
    ../fplib/microlib/fpflt.c                0x00000000   Number         0  dflti.o ABSOLUTE
    ../fplib/microlib/fpmul.c                0x00000000   Number         0  dmul.o ABSOLUTE
    ../fplib/microlib/fpneg.c                0x00000000   Number         0  dneg.o ABSOLUTE
    ../mathlib/cosf.c                        0x00000000   Number         0  cosf_x.o ABSOLUTE
    ../mathlib/cosf.c                        0x00000000   Number         0  cosf.o ABSOLUTE
    ../mathlib/dunder.c                      0x00000000   Number         0  dunder.o ABSOLUTE
    ../mathlib/fpclassifyf.c                 0x00000000   Number         0  fpclassifyf.o ABSOLUTE
    ../mathlib/funder.c                      0x00000000   Number         0  funder.o ABSOLUTE
    ../mathlib/log.c                         0x00000000   Number         0  log_x.o ABSOLUTE
    ../mathlib/log.c                         0x00000000   Number         0  log.o ABSOLUTE
    ../mathlib/poly.c                        0x00000000   Number         0  poly.o ABSOLUTE
    ../mathlib/qnan.c                        0x00000000   Number         0  qnan.o ABSOLUTE
    ../mathlib/rredf.c                       0x00000000   Number         0  rredf.o ABSOLUTE
    ../mathlib/sinf.c                        0x00000000   Number         0  sinf_x.o ABSOLUTE
    ../mathlib/sinf.c                        0x00000000   Number         0  sinf.o ABSOLUTE
    ..\Core\Src\adc.c                        0x00000000   Number         0  adc.o ABSOLUTE
    ..\Core\Src\dma.c                        0x00000000   Number         0  dma.o ABSOLUTE
    ..\Core\Src\foc.c                        0x00000000   Number         0  foc.o ABSOLUTE
    ..\Core\Src\gpio.c                       0x00000000   Number         0  gpio.o ABSOLUTE
    ..\Core\Src\hall.c                       0x00000000   Number         0  hall.o ABSOLUTE
    ..\Core\Src\key.c                        0x00000000   Number         0  key.o ABSOLUTE
    ..\Core\Src\main.c                       0x00000000   Number         0  main.o ABSOLUTE
    ..\Core\Src\pid.c                        0x00000000   Number         0  pid.o ABSOLUTE
    ..\Core\Src\pmsm.c                       0x00000000   Number         0  pmsm.o ABSOLUTE
    ..\Core\Src\stm32f4xx_hal_msp.c          0x00000000   Number         0  stm32f4xx_hal_msp.o ABSOLUTE
    ..\Core\Src\stm32f4xx_it.c               0x00000000   Number         0  stm32f4xx_it.o ABSOLUTE
    ..\Core\Src\system_stm32f4xx.c           0x00000000   Number         0  system_stm32f4xx.o ABSOLUTE
    ..\Core\Src\tim.c                        0x00000000   Number         0  tim.o ABSOLUTE
    ..\Core\Src\usart.c                      0x00000000   Number         0  usart.o ABSOLUTE
    ..\Drivers\STM32F4xx_HAL_Driver\Src\stm32f4xx_hal.c 0x00000000   Number         0  stm32f4xx_hal.o ABSOLUTE
    ..\Drivers\STM32F4xx_HAL_Driver\Src\stm32f4xx_hal_adc.c 0x00000000   Number         0  stm32f4xx_hal_adc.o ABSOLUTE
    ..\Drivers\STM32F4xx_HAL_Driver\Src\stm32f4xx_hal_adc_ex.c 0x00000000   Number         0  stm32f4xx_hal_adc_ex.o ABSOLUTE
    ..\Drivers\STM32F4xx_HAL_Driver\Src\stm32f4xx_hal_cortex.c 0x00000000   Number         0  stm32f4xx_hal_cortex.o ABSOLUTE
    ..\Drivers\STM32F4xx_HAL_Driver\Src\stm32f4xx_hal_dma.c 0x00000000   Number         0  stm32f4xx_hal_dma.o ABSOLUTE
    ..\Drivers\STM32F4xx_HAL_Driver\Src\stm32f4xx_hal_dma_ex.c 0x00000000   Number         0  stm32f4xx_hal_dma_ex.o ABSOLUTE
    ..\Drivers\STM32F4xx_HAL_Driver\Src\stm32f4xx_hal_exti.c 0x00000000   Number         0  stm32f4xx_hal_exti.o ABSOLUTE
    ..\Drivers\STM32F4xx_HAL_Driver\Src\stm32f4xx_hal_flash.c 0x00000000   Number         0  stm32f4xx_hal_flash.o ABSOLUTE
    ..\Drivers\STM32F4xx_HAL_Driver\Src\stm32f4xx_hal_flash_ex.c 0x00000000   Number         0  stm32f4xx_hal_flash_ex.o ABSOLUTE
    ..\Drivers\STM32F4xx_HAL_Driver\Src\stm32f4xx_hal_flash_ramfunc.c 0x00000000   Number         0  stm32f4xx_hal_flash_ramfunc.o ABSOLUTE
    ..\Drivers\STM32F4xx_HAL_Driver\Src\stm32f4xx_hal_gpio.c 0x00000000   Number         0  stm32f4xx_hal_gpio.o ABSOLUTE
    ..\Drivers\STM32F4xx_HAL_Driver\Src\stm32f4xx_hal_pwr.c 0x00000000   Number         0  stm32f4xx_hal_pwr.o ABSOLUTE
    ..\Drivers\STM32F4xx_HAL_Driver\Src\stm32f4xx_hal_pwr_ex.c 0x00000000   Number         0  stm32f4xx_hal_pwr_ex.o ABSOLUTE
    ..\Drivers\STM32F4xx_HAL_Driver\Src\stm32f4xx_hal_rcc.c 0x00000000   Number         0  stm32f4xx_hal_rcc.o ABSOLUTE
    ..\Drivers\STM32F4xx_HAL_Driver\Src\stm32f4xx_hal_rcc_ex.c 0x00000000   Number         0  stm32f4xx_hal_rcc_ex.o ABSOLUTE
    ..\Drivers\STM32F4xx_HAL_Driver\Src\stm32f4xx_hal_tim.c 0x00000000   Number         0  stm32f4xx_hal_tim.o ABSOLUTE
    ..\Drivers\STM32F4xx_HAL_Driver\Src\stm32f4xx_hal_tim_ex.c 0x00000000   Number         0  stm32f4xx_hal_tim_ex.o ABSOLUTE
    ..\Drivers\STM32F4xx_HAL_Driver\Src\stm32f4xx_hal_uart.c 0x00000000   Number         0  stm32f4xx_hal_uart.o ABSOLUTE
    ..\\Core\\Src\\foc.c                     0x00000000   Number         0  foc.o ABSOLUTE
    ..\\Core\\Src\\hall.c                    0x00000000   Number         0  hall.o ABSOLUTE
    ..\\Core\\Src\\key.c                     0x00000000   Number         0  key.o ABSOLUTE
    ..\\Core\\Src\\pid.c                     0x00000000   Number         0  pid.o ABSOLUTE
    ..\\Core\\Src\\pmsm.c                    0x00000000   Number         0  pmsm.o ABSOLUTE
    cdcmple.s                                0x00000000   Number         0  cdcmple.o ABSOLUTE
    cdrcmple.s                               0x00000000   Number         0  cdrcmple.o ABSOLUTE
    dc.s                                     0x00000000   Number         0  dc.o ABSOLUTE
    handlers.s                               0x00000000   Number         0  handlers.o ABSOLUTE
    init.s                                   0x00000000   Number         0  init.o ABSOLUTE
    startup_stm32f407xx.s                    0x00000000   Number         0  startup_stm32f407xx.o ABSOLUTE
    RESET                                    0x08000000   Section      392  startup_stm32f407xx.o(RESET)
    .ARM.Collect$$$$00000000                 0x08000188   Section        0  entry.o(.ARM.Collect$$$$00000000)
    .ARM.Collect$$$$00000001                 0x08000188   Section        4  entry2.o(.ARM.Collect$$$$00000001)
    .ARM.Collect$$$$00000004                 0x0800018c   Section        4  entry5.o(.ARM.Collect$$$$00000004)
    .ARM.Collect$$$$00000008                 0x08000190   Section        0  entry7b.o(.ARM.Collect$$$$00000008)
    .ARM.Collect$$$$0000000A                 0x08000190   Section        0  entry8b.o(.ARM.Collect$$$$0000000A)
    .ARM.Collect$$$$0000000B                 0x08000190   Section        8  entry9a.o(.ARM.Collect$$$$0000000B)
    .ARM.Collect$$$$0000000E                 0x08000198   Section        4  entry12b.o(.ARM.Collect$$$$0000000E)
    .ARM.Collect$$$$0000000F                 0x0800019c   Section        0  entry10a.o(.ARM.Collect$$$$0000000F)
    .ARM.Collect$$$$00000011                 0x0800019c   Section        0  entry11a.o(.ARM.Collect$$$$00000011)
    .ARM.Collect$$$$00002712                 0x0800019c   Section        4  entry2.o(.ARM.Collect$$$$00002712)
    __lit__00000000                          0x0800019c   Data           4  entry2.o(.ARM.Collect$$$$00002712)
    .text                                    0x080001a0   Section       36  startup_stm32f407xx.o(.text)
    $v0                                      0x080001a0   Number         0  startup_stm32f407xx.o(.text)
    .text                                    0x080001c4   Section        0  uldiv.o(.text)
    .text                                    0x08000226   Section        0  memseta.o(.text)
    .text                                    0x0800024a   Section        0  f2d.o(.text)
    .text                                    0x08000270   Section        0  uidiv.o(.text)
    .text                                    0x0800029c   Section        0  llshl.o(.text)
    .text                                    0x080002ba   Section        0  llushr.o(.text)
    .text                                    0x080002da   Section        0  dadd.o(.text)
    .text                                    0x080002da   Section        0  iusefp.o(.text)
    .text                                    0x08000428   Section        0  dmul.o(.text)
    .text                                    0x0800050c   Section        0  ddiv.o(.text)
    .text                                    0x080005ea   Section        0  dfixul.o(.text)
    .text                                    0x0800061c   Section       48  cdrcmple.o(.text)
    .text                                    0x0800064c   Section       36  init.o(.text)
    .text                                    0x08000670   Section        0  llsshr.o(.text)
    .text                                    0x08000694   Section        0  depilogue.o(.text)
    i.ADC_DMAConvCplt                        0x0800074e   Section        0  stm32f4xx_hal_adc.o(i.ADC_DMAConvCplt)
    ADC_DMAConvCplt                          0x0800074f   Thumb Code   110  stm32f4xx_hal_adc.o(i.ADC_DMAConvCplt)
    i.ADC_DMAError                           0x080007bc   Section        0  stm32f4xx_hal_adc.o(i.ADC_DMAError)
    ADC_DMAError                             0x080007bd   Thumb Code    22  stm32f4xx_hal_adc.o(i.ADC_DMAError)
    i.ADC_DMAHalfConvCplt                    0x080007d2   Section        0  stm32f4xx_hal_adc.o(i.ADC_DMAHalfConvCplt)
    ADC_DMAHalfConvCplt                      0x080007d3   Thumb Code    10  stm32f4xx_hal_adc.o(i.ADC_DMAHalfConvCplt)
    i.ADC_IRQHandler                         0x080007dc   Section        0  stm32f4xx_it.o(i.ADC_IRQHandler)
    i.ADC_Init                               0x08000800   Section        0  stm32f4xx_hal_adc.o(i.ADC_Init)
    ADC_Init                                 0x08000801   Thumb Code   284  stm32f4xx_hal_adc.o(i.ADC_Init)
    i.Angle_To_Cos_Sin                       0x08000928   Section        0  foc.o(i.Angle_To_Cos_Sin)
    i.BubbleSort                             0x0800094e   Section        0  hall.o(i.BubbleSort)
    i.BusFault_Handler                       0x08000986   Section        0  stm32f4xx_it.o(i.BusFault_Handler)
    i.Clarke_Transf                          0x08000988   Section        0  foc.o(i.Clarke_Transf)
    i.Current_PID_Calc                       0x080009a8   Section        0  pid.o(i.Current_PID_Calc)
    i.DMA2_Stream0_IRQHandler                0x08000a18   Section        0  stm32f4xx_it.o(i.DMA2_Stream0_IRQHandler)
    i.DMA_CalcBaseAndBitshift                0x08000a24   Section        0  stm32f4xx_hal_dma.o(i.DMA_CalcBaseAndBitshift)
    DMA_CalcBaseAndBitshift                  0x08000a25   Thumb Code    34  stm32f4xx_hal_dma.o(i.DMA_CalcBaseAndBitshift)
    i.DMA_CheckFifoParam                     0x08000a4c   Section        0  stm32f4xx_hal_dma.o(i.DMA_CheckFifoParam)
    DMA_CheckFifoParam                       0x08000a4d   Thumb Code    84  stm32f4xx_hal_dma.o(i.DMA_CheckFifoParam)
    i.DMA_SetConfig                          0x08000aa0   Section        0  stm32f4xx_hal_dma.o(i.DMA_SetConfig)
    DMA_SetConfig                            0x08000aa1   Thumb Code    40  stm32f4xx_hal_dma.o(i.DMA_SetConfig)
    i.DebugMon_Handler                       0x08000ac8   Section        0  stm32f4xx_it.o(i.DebugMon_Handler)
    i.Error_Handler                          0x08000aca   Section        0  main.o(i.Error_Handler)
    i.FOC_Init                               0x08000ad0   Section        0  foc.o(i.FOC_Init)
    i.FOC_Run                                0x08000b20   Section        0  foc.o(i.FOC_Run)
    i.HAL_ADCEx_InjectedConfigChannel        0x08000c34   Section        0  stm32f4xx_hal_adc_ex.o(i.HAL_ADCEx_InjectedConfigChannel)
    i.HAL_ADCEx_InjectedConvCpltCallback     0x08000df0   Section        0  adc.o(i.HAL_ADCEx_InjectedConvCpltCallback)
    i.HAL_ADCEx_InjectedStart                0x08000df4   Section        0  stm32f4xx_hal_adc_ex.o(i.HAL_ADCEx_InjectedStart)
    i.HAL_ADCEx_InjectedStart_IT             0x08000ed0   Section        0  stm32f4xx_hal_adc_ex.o(i.HAL_ADCEx_InjectedStart_IT)
    i.HAL_ADCEx_MultiModeConfigChannel       0x08000fb4   Section        0  stm32f4xx_hal_adc_ex.o(i.HAL_ADCEx_MultiModeConfigChannel)
    i.HAL_ADC_ConfigChannel                  0x08001008   Section        0  stm32f4xx_hal_adc.o(i.HAL_ADC_ConfigChannel)
    i.HAL_ADC_ConvCpltCallback               0x08001154   Section        0  stm32f4xx_hal_adc.o(i.HAL_ADC_ConvCpltCallback)
    i.HAL_ADC_ConvHalfCpltCallback           0x08001156   Section        0  stm32f4xx_hal_adc.o(i.HAL_ADC_ConvHalfCpltCallback)
    i.HAL_ADC_ErrorCallback                  0x08001158   Section        0  stm32f4xx_hal_adc.o(i.HAL_ADC_ErrorCallback)
    i.HAL_ADC_IRQHandler                     0x0800115a   Section        0  stm32f4xx_hal_adc.o(i.HAL_ADC_IRQHandler)
    i.HAL_ADC_Init                           0x08001288   Section        0  stm32f4xx_hal_adc.o(i.HAL_ADC_Init)
    i.HAL_ADC_LevelOutOfWindowCallback       0x080012dc   Section        0  stm32f4xx_hal_adc.o(i.HAL_ADC_LevelOutOfWindowCallback)
    i.HAL_ADC_MspInit                        0x080012e0   Section        0  adc.o(i.HAL_ADC_MspInit)
    i.HAL_ADC_Start_DMA                      0x08001428   Section        0  stm32f4xx_hal_adc.o(i.HAL_ADC_Start_DMA)
    i.HAL_DMA_IRQHandler                     0x08001580   Section        0  stm32f4xx_hal_dma.o(i.HAL_DMA_IRQHandler)
    i.HAL_DMA_Init                           0x08001720   Section        0  stm32f4xx_hal_dma.o(i.HAL_DMA_Init)
    i.HAL_DMA_Start_IT                       0x080017f4   Section        0  stm32f4xx_hal_dma.o(i.HAL_DMA_Start_IT)
    i.HAL_Delay                              0x08001864   Section        0  stm32f4xx_hal.o(i.HAL_Delay)
    i.HAL_GPIO_Init                          0x08001888   Section        0  stm32f4xx_hal_gpio.o(i.HAL_GPIO_Init)
    i.HAL_GPIO_ReadPin                       0x08001a78   Section        0  stm32f4xx_hal_gpio.o(i.HAL_GPIO_ReadPin)
    i.HAL_GPIO_WritePin                      0x08001a82   Section        0  stm32f4xx_hal_gpio.o(i.HAL_GPIO_WritePin)
    i.HAL_GetTick                            0x08001a8c   Section        0  stm32f4xx_hal.o(i.HAL_GetTick)
    i.HAL_IncTick                            0x08001a98   Section        0  stm32f4xx_hal.o(i.HAL_IncTick)
    i.HAL_Init                               0x08001aa8   Section        0  stm32f4xx_hal.o(i.HAL_Init)
    i.HAL_InitTick                           0x08001adc   Section        0  stm32f4xx_hal.o(i.HAL_InitTick)
    i.HAL_MspInit                            0x08001b1c   Section        0  stm32f4xx_hal_msp.o(i.HAL_MspInit)
    i.HAL_NVIC_EnableIRQ                     0x08001b4c   Section        0  stm32f4xx_hal_cortex.o(i.HAL_NVIC_EnableIRQ)
    i.HAL_NVIC_SetPriority                   0x08001b68   Section        0  stm32f4xx_hal_cortex.o(i.HAL_NVIC_SetPriority)
    i.HAL_NVIC_SetPriorityGrouping           0x08001ba8   Section        0  stm32f4xx_hal_cortex.o(i.HAL_NVIC_SetPriorityGrouping)
    i.HAL_RCC_ClockConfig                    0x08001bcc   Section        0  stm32f4xx_hal_rcc.o(i.HAL_RCC_ClockConfig)
    i.HAL_RCC_GetPCLK1Freq                   0x08001d00   Section        0  stm32f4xx_hal_rcc.o(i.HAL_RCC_GetPCLK1Freq)
    i.HAL_RCC_GetPCLK2Freq                   0x08001d20   Section        0  stm32f4xx_hal_rcc.o(i.HAL_RCC_GetPCLK2Freq)
    i.HAL_RCC_GetSysClockFreq                0x08001d40   Section        0  stm32f4xx_hal_rcc.o(i.HAL_RCC_GetSysClockFreq)
    i.HAL_RCC_OscConfig                      0x08001da0   Section        0  stm32f4xx_hal_rcc.o(i.HAL_RCC_OscConfig)
    i.HAL_SYSTICK_Config                     0x0800210c   Section        0  stm32f4xx_hal_cortex.o(i.HAL_SYSTICK_Config)
    i.HAL_TIMEx_BreakCallback                0x08002134   Section        0  stm32f4xx_hal_tim_ex.o(i.HAL_TIMEx_BreakCallback)
    i.HAL_TIMEx_CommutCallback               0x08002136   Section        0  stm32f4xx_hal_tim_ex.o(i.HAL_TIMEx_CommutCallback)
    i.HAL_TIMEx_ConfigBreakDeadTime          0x08002138   Section        0  stm32f4xx_hal_tim_ex.o(i.HAL_TIMEx_ConfigBreakDeadTime)
    i.HAL_TIMEx_HallSensor_Init              0x0800218c   Section        0  stm32f4xx_hal_tim_ex.o(i.HAL_TIMEx_HallSensor_Init)
    i.HAL_TIMEx_HallSensor_MspInit           0x0800225c   Section        0  tim.o(i.HAL_TIMEx_HallSensor_MspInit)
    i.HAL_TIMEx_HallSensor_Start_IT          0x080022d4   Section        0  stm32f4xx_hal_tim_ex.o(i.HAL_TIMEx_HallSensor_Start_IT)
    i.HAL_TIMEx_MasterConfigSynchronization  0x08002388   Section        0  stm32f4xx_hal_tim_ex.o(i.HAL_TIMEx_MasterConfigSynchronization)
    i.HAL_TIMEx_PWMN_Start                   0x08002418   Section        0  stm32f4xx_hal_tim_ex.o(i.HAL_TIMEx_PWMN_Start)
    i.HAL_TIM_IC_CaptureCallback             0x080024d8   Section        0  stm32f4xx_hal_tim.o(i.HAL_TIM_IC_CaptureCallback)
    i.HAL_TIM_IRQHandler                     0x080024da   Section        0  stm32f4xx_hal_tim.o(i.HAL_TIM_IRQHandler)
    i.HAL_TIM_MspPostInit                    0x0800260c   Section        0  tim.o(i.HAL_TIM_MspPostInit)
    i.HAL_TIM_OC_DelayElapsedCallback        0x0800268c   Section        0  stm32f4xx_hal_tim.o(i.HAL_TIM_OC_DelayElapsedCallback)
    i.HAL_TIM_PWM_ConfigChannel              0x0800268e   Section        0  stm32f4xx_hal_tim.o(i.HAL_TIM_PWM_ConfigChannel)
    i.HAL_TIM_PWM_Init                       0x0800275a   Section        0  stm32f4xx_hal_tim.o(i.HAL_TIM_PWM_Init)
    i.HAL_TIM_PWM_MspInit                    0x080027b4   Section        0  tim.o(i.HAL_TIM_PWM_MspInit)
    i.HAL_TIM_PWM_PulseFinishedCallback      0x080027dc   Section        0  stm32f4xx_hal_tim.o(i.HAL_TIM_PWM_PulseFinishedCallback)
    i.HAL_TIM_PWM_Start                      0x080027e0   Section        0  stm32f4xx_hal_tim.o(i.HAL_TIM_PWM_Start)
    i.HAL_TIM_PeriodElapsedCallback          0x080028a8   Section        0  stm32f4xx_hal_tim.o(i.HAL_TIM_PeriodElapsedCallback)
    i.HAL_TIM_TriggerCallback                0x080028ac   Section        0  hall.o(i.HAL_TIM_TriggerCallback)
    i.HAL_UART_Init                          0x08002974   Section        0  stm32f4xx_hal_uart.o(i.HAL_UART_Init)
    i.HAL_UART_MspInit                       0x080029d8   Section        0  usart.o(i.HAL_UART_MspInit)
    i.HAL_UART_Transmit                      0x08002a40   Section        0  stm32f4xx_hal_uart.o(i.HAL_UART_Transmit)
    i.Hall_Init                              0x08002ae0   Section        0  hall.o(i.Hall_Init)
    i.Hall_SpeedFilter                       0x08002af8   Section        0  hall.o(i.Hall_SpeedFilter)
    Hall_SpeedFilter                         0x08002af9   Thumb Code   158  hall.o(i.Hall_SpeedFilter)
    i.HardFault_Handler                      0x08002bb8   Section        0  stm32f4xx_it.o(i.HardFault_Handler)
    i.MX_ADC1_Init                           0x08002bbc   Section        0  adc.o(i.MX_ADC1_Init)
    i.MX_ADC2_Init                           0x08002c88   Section        0  adc.o(i.MX_ADC2_Init)
    i.MX_ADC3_Init                           0x08002d10   Section        0  adc.o(i.MX_ADC3_Init)
    i.MX_DMA_Init                            0x08002d98   Section        0  dma.o(i.MX_DMA_Init)
    i.MX_GPIO_Init                           0x08002dc4   Section        0  gpio.o(i.MX_GPIO_Init)
    i.MX_TIM1_Init                           0x08002e64   Section        0  tim.o(i.MX_TIM1_Init)
    i.MX_TIM5_Init                           0x08002f3c   Section        0  tim.o(i.MX_TIM5_Init)
    i.MX_USART1_UART_Init                    0x08002f94   Section        0  usart.o(i.MX_USART1_UART_Init)
    i.MemManage_Handler                      0x08002fd0   Section        0  stm32f4xx_it.o(i.MemManage_Handler)
    i.Motor_Init                             0x08002fd4   Section        0  pmsm.o(i.Motor_Init)
    i.Motor_Run                              0x08003054   Section        0  pmsm.o(i.Motor_Run)
    i.NMI_Handler                            0x08003224   Section        0  stm32f4xx_it.o(i.NMI_Handler)
    i.PID_Init                               0x08003228   Section        0  pid.o(i.PID_Init)
    i.Park_Transf                            0x080032c8   Section        0  foc.o(i.Park_Transf)
    i.PendSV_Handler                         0x080032e2   Section        0  stm32f4xx_it.o(i.PendSV_Handler)
    i.Rev_Park_Transf                        0x080032e4   Section        0  foc.o(i.Rev_Park_Transf)
    i.SVC_Handler                            0x080032fe   Section        0  stm32f4xx_it.o(i.SVC_Handler)
    i.SVPWM_Calc                             0x08003300   Section        0  foc.o(i.SVPWM_Calc)
    i.Speed_PID_Calc                         0x080034c8   Section        0  pid.o(i.Speed_PID_Calc)
    i.SysTick_Handler                        0x08003538   Section        0  stm32f4xx_it.o(i.SysTick_Handler)
    i.SysTick_ISR                            0x08003546   Section        0  hall.o(i.SysTick_ISR)
    i.SystemClock_Config                     0x0800354c   Section        0  main.o(i.SystemClock_Config)
    i.SystemInit                             0x080035e0   Section        0  system_stm32f4xx.o(i.SystemInit)
    i.TIM5_IRQHandler                        0x080035f0   Section        0  stm32f4xx_it.o(i.TIM5_IRQHandler)
    i.TIM_Base_SetConfig                     0x080035fc   Section        0  stm32f4xx_hal_tim.o(i.TIM_Base_SetConfig)
    i.TIM_CCxChannelCmd                      0x080036cc   Section        0  stm32f4xx_hal_tim.o(i.TIM_CCxChannelCmd)
    i.TIM_CCxNChannelCmd                     0x080036e6   Section        0  stm32f4xx_hal_tim_ex.o(i.TIM_CCxNChannelCmd)
    TIM_CCxNChannelCmd                       0x080036e7   Thumb Code    26  stm32f4xx_hal_tim_ex.o(i.TIM_CCxNChannelCmd)
    i.TIM_OC1_SetConfig                      0x08003700   Section        0  stm32f4xx_hal_tim.o(i.TIM_OC1_SetConfig)
    TIM_OC1_SetConfig                        0x08003701   Thumb Code    88  stm32f4xx_hal_tim.o(i.TIM_OC1_SetConfig)
    i.TIM_OC2_SetConfig                      0x08003760   Section        0  stm32f4xx_hal_tim.o(i.TIM_OC2_SetConfig)
    i.TIM_OC3_SetConfig                      0x080037cc   Section        0  stm32f4xx_hal_tim.o(i.TIM_OC3_SetConfig)
    TIM_OC3_SetConfig                        0x080037cd   Thumb Code    96  stm32f4xx_hal_tim.o(i.TIM_OC3_SetConfig)
    i.TIM_OC4_SetConfig                      0x08003834   Section        0  stm32f4xx_hal_tim.o(i.TIM_OC4_SetConfig)
    TIM_OC4_SetConfig                        0x08003835   Thumb Code    70  stm32f4xx_hal_tim.o(i.TIM_OC4_SetConfig)
    i.TIM_TI1_SetConfig                      0x08003884   Section        0  stm32f4xx_hal_tim.o(i.TIM_TI1_SetConfig)
    i.UART_EndRxTransfer                     0x08003904   Section        0  stm32f4xx_hal_uart.o(i.UART_EndRxTransfer)
    UART_EndRxTransfer                       0x08003905   Thumb Code    78  stm32f4xx_hal_uart.o(i.UART_EndRxTransfer)
    i.UART_SetConfig                         0x08003954   Section        0  stm32f4xx_hal_uart.o(i.UART_SetConfig)
    UART_SetConfig                           0x08003955   Thumb Code   258  stm32f4xx_hal_uart.o(i.UART_SetConfig)
    i.UART_WaitOnFlagUntilTimeout            0x08003a60   Section        0  stm32f4xx_hal_uart.o(i.UART_WaitOnFlagUntilTimeout)
    UART_WaitOnFlagUntilTimeout              0x08003a61   Thumb Code   114  stm32f4xx_hal_uart.o(i.UART_WaitOnFlagUntilTimeout)
    i.UsageFault_Handler                     0x08003ad2   Section        0  stm32f4xx_it.o(i.UsageFault_Handler)
    i.__0printf                              0x08003ad4   Section        0  printfa.o(i.__0printf)
    i.__ARM_fpclassifyf                      0x08003af4   Section        0  fpclassifyf.o(i.__ARM_fpclassifyf)
    i.__NVIC_SetPriority                     0x08003b1a   Section        0  stm32f4xx_hal_cortex.o(i.__NVIC_SetPriority)
    __NVIC_SetPriority                       0x08003b1b   Thumb Code    32  stm32f4xx_hal_cortex.o(i.__NVIC_SetPriority)
    i.__hardfp_cosf                          0x08003b3c   Section        0  cosf.o(i.__hardfp_cosf)
    i.__hardfp_sinf                          0x08003c8c   Section        0  sinf.o(i.__hardfp_sinf)
    i.__mathlib_flt_infnan                   0x08003e1c   Section        0  funder.o(i.__mathlib_flt_infnan)
    i.__mathlib_flt_invalid                  0x08003e24   Section        0  funder.o(i.__mathlib_flt_invalid)
    i.__mathlib_flt_underflow                0x08003e34   Section        0  funder.o(i.__mathlib_flt_underflow)
    i.__mathlib_rredf2                       0x08003e44   Section        0  rredf.o(i.__mathlib_rredf2)
    i.__scatterload_copy                     0x08003f98   Section       14  handlers.o(i.__scatterload_copy)
    i.__scatterload_null                     0x08003fa6   Section        2  handlers.o(i.__scatterload_null)
    i.__scatterload_zeroinit                 0x08003fa8   Section       14  handlers.o(i.__scatterload_zeroinit)
    i.__set_errno                            0x08003fb8   Section        0  errno.o(i.__set_errno)
    i._fp_digits                             0x08003fc4   Section        0  printfa.o(i._fp_digits)
    _fp_digits                               0x08003fc5   Thumb Code   366  printfa.o(i._fp_digits)
    i._printf_core                           0x08004148   Section        0  printfa.o(i._printf_core)
    _printf_core                             0x08004149   Thumb Code  1704  printfa.o(i._printf_core)
    i._printf_post_padding                   0x080047fc   Section        0  printfa.o(i._printf_post_padding)
    _printf_post_padding                     0x080047fd   Thumb Code    36  printfa.o(i._printf_post_padding)
    i._printf_pre_padding                    0x08004820   Section        0  printfa.o(i._printf_pre_padding)
    _printf_pre_padding                      0x08004821   Thumb Code    46  printfa.o(i._printf_pre_padding)
    i.fputc                                  0x08004850   Section        0  usart.o(i.fputc)
    i.key_scan                               0x08004868   Section        0  key.o(i.key_scan)
    i.main                                   0x08004904   Section        0  main.o(i.main)
    i.pmsm_state_init                        0x080049ac   Section        0  pmsm.o(i.pmsm_state_init)
    .constdata                               0x080049c0   Section        8  stm32f4xx_hal_dma.o(.constdata)
    flagBitshiftOffset                       0x080049c0   Data           8  stm32f4xx_hal_dma.o(.constdata)
    .constdata                               0x080049c8   Section       16  system_stm32f4xx.o(.constdata)
    .constdata                               0x080049d8   Section        8  system_stm32f4xx.o(.constdata)
    .constdata                               0x080049e0   Section       32  rredf.o(.constdata)
    twooverpi                                0x080049e0   Data          32  rredf.o(.constdata)
    .data                                    0x20000000   Section       16  pmsm.o(.data)
    theta                                    0x20000004   Data           4  pmsm.o(.data)
    .data                                    0x20000010   Section       40  foc.o(.data)
    .data                                    0x20000038   Section        1  key.o(.data)
    key_up                                   0x20000038   Data           1  key.o(.data)
    .data                                    0x2000003c   Section       56  hall.o(.data)
    i                                        0x2000003c   Data           1  hall.o(.data)
    speed_mean                               0x20000040   Data           4  hall.o(.data)
    HALL_CW_Arr                              0x20000044   Data          24  hall.o(.data)
    HALL_CCW_Arr                             0x2000005c   Data          24  hall.o(.data)
    .data                                    0x20000074   Section        4  main.o(.data)
    .data                                    0x20000078   Section       12  stm32f4xx_hal.o(.data)
    .data                                    0x20000084   Section        4  system_stm32f4xx.o(.data)
    .data                                    0x20000088   Section        4  stdout.o(.data)
    .data                                    0x2000008c   Section        4  errno.o(.data)
    _errno                                   0x2000008c   Data           4  errno.o(.data)
    .bss                                     0x20000090   Section       32  foc.o(.bss)
    .bss                                     0x200000b0   Section      124  pid.o(.bss)
    .bss                                     0x2000012c   Section       68  hall.o(.bss)
    speed                                    0x2000012c   Data          40  hall.o(.bss)
    .bss                                     0x20000170   Section      312  adc.o(.bss)
    .bss                                     0x200002a8   Section      144  tim.o(.bss)
    .bss                                     0x20000338   Section       72  usart.o(.bss)
    STACK                                    0x20000380   Section     1024  startup_stm32f407xx.o(STACK)

    Global Symbols

    Symbol Name                              Value     Ov Type        Size  Object(Section)

    BuildAttributes$$THM_ISAv4$E$P$D$K$B$S$7EM$VFPi3$EXTD16$VFPS$VFMA$PE$A:L22UL41UL21$X:L11$S22US41US21$IEEE1$IW$USESV6$~STKCKD$USESV7$~SHL$OTIME$ROPI$IEEEX$EBA8$MICROLIB$REQ8$PRES8$EABIv2 0x00000000   Number         0  anon$$obj.o ABSOLUTE
    __ARM_use_no_argv                        0x00000000   Number         0  main.o ABSOLUTE
    _printf_a                                0x00000000   Number         0  stubs.o ABSOLUTE
    _printf_c                                0x00000000   Number         0  stubs.o ABSOLUTE
    _printf_charcount                        0x00000000   Number         0  stubs.o ABSOLUTE
    _printf_d                                0x00000000   Number         0  stubs.o ABSOLUTE
    _printf_e                                0x00000000   Number         0  stubs.o ABSOLUTE
    _printf_f                                0x00000000   Number         0  stubs.o ABSOLUTE
    _printf_flags                            0x00000000   Number         0  stubs.o ABSOLUTE
    _printf_fp_dec                           0x00000000   Number         0  stubs.o ABSOLUTE
    _printf_fp_hex                           0x00000000   Number         0  stubs.o ABSOLUTE
    _printf_g                                0x00000000   Number         0  stubs.o ABSOLUTE
    _printf_i                                0x00000000   Number         0  stubs.o ABSOLUTE
    _printf_int_dec                          0x00000000   Number         0  stubs.o ABSOLUTE
    _printf_l                                0x00000000   Number         0  stubs.o ABSOLUTE
    _printf_lc                               0x00000000   Number         0  stubs.o ABSOLUTE
    _printf_ll                               0x00000000   Number         0  stubs.o ABSOLUTE
    _printf_lld                              0x00000000   Number         0  stubs.o ABSOLUTE
    _printf_lli                              0x00000000   Number         0  stubs.o ABSOLUTE
    _printf_llo                              0x00000000   Number         0  stubs.o ABSOLUTE
    _printf_llu                              0x00000000   Number         0  stubs.o ABSOLUTE
    _printf_llx                              0x00000000   Number         0  stubs.o ABSOLUTE
    _printf_longlong_dec                     0x00000000   Number         0  stubs.o ABSOLUTE
    _printf_longlong_hex                     0x00000000   Number         0  stubs.o ABSOLUTE
    _printf_longlong_oct                     0x00000000   Number         0  stubs.o ABSOLUTE
    _printf_ls                               0x00000000   Number         0  stubs.o ABSOLUTE
    _printf_mbtowc                           0x00000000   Number         0  stubs.o ABSOLUTE
    _printf_n                                0x00000000   Number         0  stubs.o ABSOLUTE
    _printf_o                                0x00000000   Number         0  stubs.o ABSOLUTE
    _printf_p                                0x00000000   Number         0  stubs.o ABSOLUTE
    _printf_percent                          0x00000000   Number         0  stubs.o ABSOLUTE
    _printf_pre_padding                      0x00000000   Number         0  stubs.o ABSOLUTE
    _printf_return_value                     0x00000000   Number         0  stubs.o ABSOLUTE
    _printf_s                                0x00000000   Number         0  stubs.o ABSOLUTE
    _printf_sizespec                         0x00000000   Number         0  stubs.o ABSOLUTE
    _printf_str                              0x00000000   Number         0  stubs.o ABSOLUTE
    _printf_truncate_signed                  0x00000000   Number         0  stubs.o ABSOLUTE
    _printf_truncate_unsigned                0x00000000   Number         0  stubs.o ABSOLUTE
    _printf_u                                0x00000000   Number         0  stubs.o ABSOLUTE
    _printf_wc                               0x00000000   Number         0  stubs.o ABSOLUTE
    _printf_wctomb                           0x00000000   Number         0  stubs.o ABSOLUTE
    _printf_widthprec                        0x00000000   Number         0  stubs.o ABSOLUTE
    _printf_x                                0x00000000   Number         0  stubs.o ABSOLUTE
    __arm_fini_                               - Undefined Weak Reference
    __cpp_initialize__aeabi_                  - Undefined Weak Reference
    __cxa_finalize                            - Undefined Weak Reference
    __decompress                              - Undefined Weak Reference
    _clock_init                               - Undefined Weak Reference
    _microlib_exit                            - Undefined Weak Reference
    __Vectors_Size                           0x00000188   Number         0  startup_stm32f407xx.o ABSOLUTE
    __Vectors                                0x08000000   Data           4  startup_stm32f407xx.o(RESET)
    __Vectors_End                            0x08000188   Data           0  startup_stm32f407xx.o(RESET)
    __main                                   0x08000189   Thumb Code     0  entry.o(.ARM.Collect$$$$00000000)
    _main_stk                                0x08000189   Thumb Code     0  entry2.o(.ARM.Collect$$$$00000001)
    _main_scatterload                        0x0800018d   Thumb Code     0  entry5.o(.ARM.Collect$$$$00000004)
    __main_after_scatterload                 0x08000191   Thumb Code     0  entry5.o(.ARM.Collect$$$$00000004)
    _main_clock                              0x08000191   Thumb Code     0  entry7b.o(.ARM.Collect$$$$00000008)
    _main_cpp_init                           0x08000191   Thumb Code     0  entry8b.o(.ARM.Collect$$$$0000000A)
    _main_init                               0x08000191   Thumb Code     0  entry9a.o(.ARM.Collect$$$$0000000B)
    __rt_lib_shutdown_fini                   0x08000199   Thumb Code     0  entry12b.o(.ARM.Collect$$$$0000000E)
    __rt_final_cpp                           0x0800019d   Thumb Code     0  entry10a.o(.ARM.Collect$$$$0000000F)
    __rt_final_exit                          0x0800019d   Thumb Code     0  entry11a.o(.ARM.Collect$$$$00000011)
    Reset_Handler                            0x080001a1   Thumb Code     8  startup_stm32f407xx.o(.text)
    CAN1_RX0_IRQHandler                      0x080001bb   Thumb Code     0  startup_stm32f407xx.o(.text)
    CAN1_RX1_IRQHandler                      0x080001bb   Thumb Code     0  startup_stm32f407xx.o(.text)
    CAN1_SCE_IRQHandler                      0x080001bb   Thumb Code     0  startup_stm32f407xx.o(.text)
    CAN1_TX_IRQHandler                       0x080001bb   Thumb Code     0  startup_stm32f407xx.o(.text)
    CAN2_RX0_IRQHandler                      0x080001bb   Thumb Code     0  startup_stm32f407xx.o(.text)
    CAN2_RX1_IRQHandler                      0x080001bb   Thumb Code     0  startup_stm32f407xx.o(.text)
    CAN2_SCE_IRQHandler                      0x080001bb   Thumb Code     0  startup_stm32f407xx.o(.text)
    CAN2_TX_IRQHandler                       0x080001bb   Thumb Code     0  startup_stm32f407xx.o(.text)
    DCMI_IRQHandler                          0x080001bb   Thumb Code     0  startup_stm32f407xx.o(.text)
    DMA1_Stream0_IRQHandler                  0x080001bb   Thumb Code     0  startup_stm32f407xx.o(.text)
    DMA1_Stream1_IRQHandler                  0x080001bb   Thumb Code     0  startup_stm32f407xx.o(.text)
    DMA1_Stream2_IRQHandler                  0x080001bb   Thumb Code     0  startup_stm32f407xx.o(.text)
    DMA1_Stream3_IRQHandler                  0x080001bb   Thumb Code     0  startup_stm32f407xx.o(.text)
    DMA1_Stream4_IRQHandler                  0x080001bb   Thumb Code     0  startup_stm32f407xx.o(.text)
    DMA1_Stream5_IRQHandler                  0x080001bb   Thumb Code     0  startup_stm32f407xx.o(.text)
    DMA1_Stream6_IRQHandler                  0x080001bb   Thumb Code     0  startup_stm32f407xx.o(.text)
    DMA1_Stream7_IRQHandler                  0x080001bb   Thumb Code     0  startup_stm32f407xx.o(.text)
    DMA2_Stream1_IRQHandler                  0x080001bb   Thumb Code     0  startup_stm32f407xx.o(.text)
    DMA2_Stream2_IRQHandler                  0x080001bb   Thumb Code     0  startup_stm32f407xx.o(.text)
    DMA2_Stream3_IRQHandler                  0x080001bb   Thumb Code     0  startup_stm32f407xx.o(.text)
    DMA2_Stream4_IRQHandler                  0x080001bb   Thumb Code     0  startup_stm32f407xx.o(.text)
    DMA2_Stream5_IRQHandler                  0x080001bb   Thumb Code     0  startup_stm32f407xx.o(.text)
    DMA2_Stream6_IRQHandler                  0x080001bb   Thumb Code     0  startup_stm32f407xx.o(.text)
    DMA2_Stream7_IRQHandler                  0x080001bb   Thumb Code     0  startup_stm32f407xx.o(.text)
    ETH_IRQHandler                           0x080001bb   Thumb Code     0  startup_stm32f407xx.o(.text)
    ETH_WKUP_IRQHandler                      0x080001bb   Thumb Code     0  startup_stm32f407xx.o(.text)
    EXTI0_IRQHandler                         0x080001bb   Thumb Code     0  startup_stm32f407xx.o(.text)
    EXTI15_10_IRQHandler                     0x080001bb   Thumb Code     0  startup_stm32f407xx.o(.text)
    EXTI1_IRQHandler                         0x080001bb   Thumb Code     0  startup_stm32f407xx.o(.text)
    EXTI2_IRQHandler                         0x080001bb   Thumb Code     0  startup_stm32f407xx.o(.text)
    EXTI3_IRQHandler                         0x080001bb   Thumb Code     0  startup_stm32f407xx.o(.text)
    EXTI4_IRQHandler                         0x080001bb   Thumb Code     0  startup_stm32f407xx.o(.text)
    EXTI9_5_IRQHandler                       0x080001bb   Thumb Code     0  startup_stm32f407xx.o(.text)
    FLASH_IRQHandler                         0x080001bb   Thumb Code     0  startup_stm32f407xx.o(.text)
    FMC_IRQHandler                           0x080001bb   Thumb Code     0  startup_stm32f407xx.o(.text)
    FPU_IRQHandler                           0x080001bb   Thumb Code     0  startup_stm32f407xx.o(.text)
    HASH_RNG_IRQHandler                      0x080001bb   Thumb Code     0  startup_stm32f407xx.o(.text)
    I2C1_ER_IRQHandler                       0x080001bb   Thumb Code     0  startup_stm32f407xx.o(.text)
    I2C1_EV_IRQHandler                       0x080001bb   Thumb Code     0  startup_stm32f407xx.o(.text)
    I2C2_ER_IRQHandler                       0x080001bb   Thumb Code     0  startup_stm32f407xx.o(.text)
    I2C2_EV_IRQHandler                       0x080001bb   Thumb Code     0  startup_stm32f407xx.o(.text)
    I2C3_ER_IRQHandler                       0x080001bb   Thumb Code     0  startup_stm32f407xx.o(.text)
    I2C3_EV_IRQHandler                       0x080001bb   Thumb Code     0  startup_stm32f407xx.o(.text)
    OTG_FS_IRQHandler                        0x080001bb   Thumb Code     0  startup_stm32f407xx.o(.text)
    OTG_FS_WKUP_IRQHandler                   0x080001bb   Thumb Code     0  startup_stm32f407xx.o(.text)
    OTG_HS_EP1_IN_IRQHandler                 0x080001bb   Thumb Code     0  startup_stm32f407xx.o(.text)
    OTG_HS_EP1_OUT_IRQHandler                0x080001bb   Thumb Code     0  startup_stm32f407xx.o(.text)
    OTG_HS_IRQHandler                        0x080001bb   Thumb Code     0  startup_stm32f407xx.o(.text)
    OTG_HS_WKUP_IRQHandler                   0x080001bb   Thumb Code     0  startup_stm32f407xx.o(.text)
    PVD_IRQHandler                           0x080001bb   Thumb Code     0  startup_stm32f407xx.o(.text)
    RCC_IRQHandler                           0x080001bb   Thumb Code     0  startup_stm32f407xx.o(.text)
    RTC_Alarm_IRQHandler                     0x080001bb   Thumb Code     0  startup_stm32f407xx.o(.text)
    RTC_WKUP_IRQHandler                      0x080001bb   Thumb Code     0  startup_stm32f407xx.o(.text)
    SDIO_IRQHandler                          0x080001bb   Thumb Code     0  startup_stm32f407xx.o(.text)
    SPI1_IRQHandler                          0x080001bb   Thumb Code     0  startup_stm32f407xx.o(.text)
    SPI2_IRQHandler                          0x080001bb   Thumb Code     0  startup_stm32f407xx.o(.text)
    SPI3_IRQHandler                          0x080001bb   Thumb Code     0  startup_stm32f407xx.o(.text)
    TAMP_STAMP_IRQHandler                    0x080001bb   Thumb Code     0  startup_stm32f407xx.o(.text)
    TIM1_BRK_TIM9_IRQHandler                 0x080001bb   Thumb Code     0  startup_stm32f407xx.o(.text)
    TIM1_CC_IRQHandler                       0x080001bb   Thumb Code     0  startup_stm32f407xx.o(.text)
    TIM1_TRG_COM_TIM11_IRQHandler            0x080001bb   Thumb Code     0  startup_stm32f407xx.o(.text)
    TIM1_UP_TIM10_IRQHandler                 0x080001bb   Thumb Code     0  startup_stm32f407xx.o(.text)
    TIM2_IRQHandler                          0x080001bb   Thumb Code     0  startup_stm32f407xx.o(.text)
    TIM3_IRQHandler                          0x080001bb   Thumb Code     0  startup_stm32f407xx.o(.text)
    TIM4_IRQHandler                          0x080001bb   Thumb Code     0  startup_stm32f407xx.o(.text)
    TIM6_DAC_IRQHandler                      0x080001bb   Thumb Code     0  startup_stm32f407xx.o(.text)
    TIM7_IRQHandler                          0x080001bb   Thumb Code     0  startup_stm32f407xx.o(.text)
    TIM8_BRK_TIM12_IRQHandler                0x080001bb   Thumb Code     0  startup_stm32f407xx.o(.text)
    TIM8_CC_IRQHandler                       0x080001bb   Thumb Code     0  startup_stm32f407xx.o(.text)
    TIM8_TRG_COM_TIM14_IRQHandler            0x080001bb   Thumb Code     0  startup_stm32f407xx.o(.text)
    TIM8_UP_TIM13_IRQHandler                 0x080001bb   Thumb Code     0  startup_stm32f407xx.o(.text)
    UART4_IRQHandler                         0x080001bb   Thumb Code     0  startup_stm32f407xx.o(.text)
    UART5_IRQHandler                         0x080001bb   Thumb Code     0  startup_stm32f407xx.o(.text)
    USART1_IRQHandler                        0x080001bb   Thumb Code     0  startup_stm32f407xx.o(.text)
    USART2_IRQHandler                        0x080001bb   Thumb Code     0  startup_stm32f407xx.o(.text)
    USART3_IRQHandler                        0x080001bb   Thumb Code     0  startup_stm32f407xx.o(.text)
    USART6_IRQHandler                        0x080001bb   Thumb Code     0  startup_stm32f407xx.o(.text)
    WWDG_IRQHandler                          0x080001bb   Thumb Code     0  startup_stm32f407xx.o(.text)
    __aeabi_uldivmod                         0x080001c5   Thumb Code    98  uldiv.o(.text)
    __aeabi_memset                           0x08000227   Thumb Code    14  memseta.o(.text)
    __aeabi_memset4                          0x08000227   Thumb Code     0  memseta.o(.text)
    __aeabi_memset8                          0x08000227   Thumb Code     0  memseta.o(.text)
    __aeabi_memclr                           0x08000235   Thumb Code     4  memseta.o(.text)
    __aeabi_memclr4                          0x08000235   Thumb Code     0  memseta.o(.text)
    __aeabi_memclr8                          0x08000235   Thumb Code     0  memseta.o(.text)
    _memset$wrapper                          0x08000239   Thumb Code    18  memseta.o(.text)
    __aeabi_f2d                              0x0800024b   Thumb Code    38  f2d.o(.text)
    __aeabi_uidiv                            0x08000271   Thumb Code     0  uidiv.o(.text)
    __aeabi_uidivmod                         0x08000271   Thumb Code    44  uidiv.o(.text)
    __aeabi_llsl                             0x0800029d   Thumb Code    30  llshl.o(.text)
    _ll_shift_l                              0x0800029d   Thumb Code     0  llshl.o(.text)
    __aeabi_llsr                             0x080002bb   Thumb Code    32  llushr.o(.text)
    _ll_ushift_r                             0x080002bb   Thumb Code     0  llushr.o(.text)
    __I$use$fp                               0x080002db   Thumb Code     0  iusefp.o(.text)
    __aeabi_dadd                             0x080002db   Thumb Code   322  dadd.o(.text)
    __aeabi_dsub                             0x0800041d   Thumb Code     6  dadd.o(.text)
    __aeabi_drsub                            0x08000423   Thumb Code     6  dadd.o(.text)
    __aeabi_dmul                             0x08000429   Thumb Code   228  dmul.o(.text)
    __aeabi_ddiv                             0x0800050d   Thumb Code   222  ddiv.o(.text)
    __aeabi_d2ulz                            0x080005eb   Thumb Code    48  dfixul.o(.text)
    __aeabi_cdrcmple                         0x0800061d   Thumb Code    48  cdrcmple.o(.text)
    __scatterload                            0x0800064d   Thumb Code    28  init.o(.text)
    __scatterload_rt2                        0x0800064d   Thumb Code     0  init.o(.text)
    __aeabi_lasr                             0x08000671   Thumb Code    36  llsshr.o(.text)
    _ll_sshift_r                             0x08000671   Thumb Code     0  llsshr.o(.text)
    _double_round                            0x08000695   Thumb Code    30  depilogue.o(.text)
    _double_epilogue                         0x080006b3   Thumb Code   156  depilogue.o(.text)
    ADC_IRQHandler                           0x080007dd   Thumb Code    24  stm32f4xx_it.o(i.ADC_IRQHandler)
    Angle_To_Cos_Sin                         0x08000929   Thumb Code    38  foc.o(i.Angle_To_Cos_Sin)
    BubbleSort                               0x0800094f   Thumb Code    56  hall.o(i.BubbleSort)
    BusFault_Handler                         0x08000987   Thumb Code     2  stm32f4xx_it.o(i.BusFault_Handler)
    Clarke_Transf                            0x08000989   Thumb Code    26  foc.o(i.Clarke_Transf)
    Current_PID_Calc                         0x080009a9   Thumb Code   112  pid.o(i.Current_PID_Calc)
    DMA2_Stream0_IRQHandler                  0x08000a19   Thumb Code     6  stm32f4xx_it.o(i.DMA2_Stream0_IRQHandler)
    DebugMon_Handler                         0x08000ac9   Thumb Code     2  stm32f4xx_it.o(i.DebugMon_Handler)
    Error_Handler                            0x08000acb   Thumb Code     4  main.o(i.Error_Handler)
    FOC_Init                                 0x08000ad1   Thumb Code    54  foc.o(i.FOC_Init)
    FOC_Run                                  0x08000b21   Thumb Code   242  foc.o(i.FOC_Run)
    HAL_ADCEx_InjectedConfigChannel          0x08000c35   Thumb Code   428  stm32f4xx_hal_adc_ex.o(i.HAL_ADCEx_InjectedConfigChannel)
    HAL_ADCEx_InjectedConvCpltCallback       0x08000df1   Thumb Code     4  adc.o(i.HAL_ADCEx_InjectedConvCpltCallback)
    HAL_ADCEx_InjectedStart                  0x08000df5   Thumb Code   202  stm32f4xx_hal_adc_ex.o(i.HAL_ADCEx_InjectedStart)
    HAL_ADCEx_InjectedStart_IT               0x08000ed1   Thumb Code   212  stm32f4xx_hal_adc_ex.o(i.HAL_ADCEx_InjectedStart_IT)
    HAL_ADCEx_MultiModeConfigChannel         0x08000fb5   Thumb Code    78  stm32f4xx_hal_adc_ex.o(i.HAL_ADCEx_MultiModeConfigChannel)
    HAL_ADC_ConfigChannel                    0x08001009   Thumb Code   316  stm32f4xx_hal_adc.o(i.HAL_ADC_ConfigChannel)
    HAL_ADC_ConvCpltCallback                 0x08001155   Thumb Code     2  stm32f4xx_hal_adc.o(i.HAL_ADC_ConvCpltCallback)
    HAL_ADC_ConvHalfCpltCallback             0x08001157   Thumb Code     2  stm32f4xx_hal_adc.o(i.HAL_ADC_ConvHalfCpltCallback)
    HAL_ADC_ErrorCallback                    0x08001159   Thumb Code     2  stm32f4xx_hal_adc.o(i.HAL_ADC_ErrorCallback)
    HAL_ADC_IRQHandler                       0x0800115b   Thumb Code   302  stm32f4xx_hal_adc.o(i.HAL_ADC_IRQHandler)
    HAL_ADC_Init                             0x08001289   Thumb Code    84  stm32f4xx_hal_adc.o(i.HAL_ADC_Init)
    HAL_ADC_LevelOutOfWindowCallback         0x080012dd   Thumb Code     2  stm32f4xx_hal_adc.o(i.HAL_ADC_LevelOutOfWindowCallback)
    HAL_ADC_MspInit                          0x080012e1   Thumb Code   296  adc.o(i.HAL_ADC_MspInit)
    HAL_ADC_Start_DMA                        0x08001429   Thumb Code   306  stm32f4xx_hal_adc.o(i.HAL_ADC_Start_DMA)
    HAL_DMA_IRQHandler                       0x08001581   Thumb Code   412  stm32f4xx_hal_dma.o(i.HAL_DMA_IRQHandler)
    HAL_DMA_Init                             0x08001721   Thumb Code   206  stm32f4xx_hal_dma.o(i.HAL_DMA_Init)
    HAL_DMA_Start_IT                         0x080017f5   Thumb Code   110  stm32f4xx_hal_dma.o(i.HAL_DMA_Start_IT)
    HAL_Delay                                0x08001865   Thumb Code    32  stm32f4xx_hal.o(i.HAL_Delay)
    HAL_GPIO_Init                            0x08001889   Thumb Code   450  stm32f4xx_hal_gpio.o(i.HAL_GPIO_Init)
    HAL_GPIO_ReadPin                         0x08001a79   Thumb Code    10  stm32f4xx_hal_gpio.o(i.HAL_GPIO_ReadPin)
    HAL_GPIO_WritePin                        0x08001a83   Thumb Code    10  stm32f4xx_hal_gpio.o(i.HAL_GPIO_WritePin)
    HAL_GetTick                              0x08001a8d   Thumb Code     6  stm32f4xx_hal.o(i.HAL_GetTick)
    HAL_IncTick                              0x08001a99   Thumb Code    12  stm32f4xx_hal.o(i.HAL_IncTick)
    HAL_Init                                 0x08001aa9   Thumb Code    48  stm32f4xx_hal.o(i.HAL_Init)
    HAL_InitTick                             0x08001add   Thumb Code    54  stm32f4xx_hal.o(i.HAL_InitTick)
    HAL_MspInit                              0x08001b1d   Thumb Code    42  stm32f4xx_hal_msp.o(i.HAL_MspInit)
    HAL_NVIC_EnableIRQ                       0x08001b4d   Thumb Code    26  stm32f4xx_hal_cortex.o(i.HAL_NVIC_EnableIRQ)
    HAL_NVIC_SetPriority                     0x08001b69   Thumb Code    60  stm32f4xx_hal_cortex.o(i.HAL_NVIC_SetPriority)
    HAL_NVIC_SetPriorityGrouping             0x08001ba9   Thumb Code    26  stm32f4xx_hal_cortex.o(i.HAL_NVIC_SetPriorityGrouping)
    HAL_RCC_ClockConfig                      0x08001bcd   Thumb Code   288  stm32f4xx_hal_rcc.o(i.HAL_RCC_ClockConfig)
    HAL_RCC_GetPCLK1Freq                     0x08001d01   Thumb Code    20  stm32f4xx_hal_rcc.o(i.HAL_RCC_GetPCLK1Freq)
    HAL_RCC_GetPCLK2Freq                     0x08001d21   Thumb Code    20  stm32f4xx_hal_rcc.o(i.HAL_RCC_GetPCLK2Freq)
    HAL_RCC_GetSysClockFreq                  0x08001d41   Thumb Code    88  stm32f4xx_hal_rcc.o(i.HAL_RCC_GetSysClockFreq)
    HAL_RCC_OscConfig                        0x08001da1   Thumb Code   856  stm32f4xx_hal_rcc.o(i.HAL_RCC_OscConfig)
    HAL_SYSTICK_Config                       0x0800210d   Thumb Code    40  stm32f4xx_hal_cortex.o(i.HAL_SYSTICK_Config)
    HAL_TIMEx_BreakCallback                  0x08002135   Thumb Code     2  stm32f4xx_hal_tim_ex.o(i.HAL_TIMEx_BreakCallback)
    HAL_TIMEx_CommutCallback                 0x08002137   Thumb Code     2  stm32f4xx_hal_tim_ex.o(i.HAL_TIMEx_CommutCallback)
    HAL_TIMEx_ConfigBreakDeadTime            0x08002139   Thumb Code    84  stm32f4xx_hal_tim_ex.o(i.HAL_TIMEx_ConfigBreakDeadTime)
    HAL_TIMEx_HallSensor_Init                0x0800218d   Thumb Code   208  stm32f4xx_hal_tim_ex.o(i.HAL_TIMEx_HallSensor_Init)
    HAL_TIMEx_HallSensor_MspInit             0x0800225d   Thumb Code   106  tim.o(i.HAL_TIMEx_HallSensor_MspInit)
    HAL_TIMEx_HallSensor_Start_IT            0x080022d5   Thumb Code   150  stm32f4xx_hal_tim_ex.o(i.HAL_TIMEx_HallSensor_Start_IT)
    HAL_TIMEx_MasterConfigSynchronization    0x08002389   Thumb Code   116  stm32f4xx_hal_tim_ex.o(i.HAL_TIMEx_MasterConfigSynchronization)
    HAL_TIMEx_PWMN_Start                     0x08002419   Thumb Code   164  stm32f4xx_hal_tim_ex.o(i.HAL_TIMEx_PWMN_Start)
    HAL_TIM_IC_CaptureCallback               0x080024d9   Thumb Code     2  stm32f4xx_hal_tim.o(i.HAL_TIM_IC_CaptureCallback)
    HAL_TIM_IRQHandler                       0x080024db   Thumb Code   304  stm32f4xx_hal_tim.o(i.HAL_TIM_IRQHandler)
    HAL_TIM_MspPostInit                      0x0800260d   Thumb Code   110  tim.o(i.HAL_TIM_MspPostInit)
    HAL_TIM_OC_DelayElapsedCallback          0x0800268d   Thumb Code     2  stm32f4xx_hal_tim.o(i.HAL_TIM_OC_DelayElapsedCallback)
    HAL_TIM_PWM_ConfigChannel                0x0800268f   Thumb Code   204  stm32f4xx_hal_tim.o(i.HAL_TIM_PWM_ConfigChannel)
    HAL_TIM_PWM_Init                         0x0800275b   Thumb Code    90  stm32f4xx_hal_tim.o(i.HAL_TIM_PWM_Init)
    HAL_TIM_PWM_MspInit                      0x080027b5   Thumb Code    30  tim.o(i.HAL_TIM_PWM_MspInit)
    HAL_TIM_PWM_PulseFinishedCallback        0x080027dd   Thumb Code     2  stm32f4xx_hal_tim.o(i.HAL_TIM_PWM_PulseFinishedCallback)
    HAL_TIM_PWM_Start                        0x080027e1   Thumb Code   172  stm32f4xx_hal_tim.o(i.HAL_TIM_PWM_Start)
    HAL_TIM_PeriodElapsedCallback            0x080028a9   Thumb Code     2  stm32f4xx_hal_tim.o(i.HAL_TIM_PeriodElapsedCallback)
    HAL_TIM_TriggerCallback                  0x080028ad   Thumb Code   166  hall.o(i.HAL_TIM_TriggerCallback)
    HAL_UART_Init                            0x08002975   Thumb Code   100  stm32f4xx_hal_uart.o(i.HAL_UART_Init)
    HAL_UART_MspInit                         0x080029d9   Thumb Code    92  usart.o(i.HAL_UART_MspInit)
    HAL_UART_Transmit                        0x08002a41   Thumb Code   160  stm32f4xx_hal_uart.o(i.HAL_UART_Transmit)
    Hall_Init                                0x08002ae1   Thumb Code    18  hall.o(i.Hall_Init)
    HardFault_Handler                        0x08002bb9   Thumb Code     2  stm32f4xx_it.o(i.HardFault_Handler)
    MX_ADC1_Init                             0x08002bbd   Thumb Code   190  adc.o(i.MX_ADC1_Init)
    MX_ADC2_Init                             0x08002c89   Thumb Code   126  adc.o(i.MX_ADC2_Init)
    MX_ADC3_Init                             0x08002d11   Thumb Code   126  adc.o(i.MX_ADC3_Init)
    MX_DMA_Init                              0x08002d99   Thumb Code    40  dma.o(i.MX_DMA_Init)
    MX_GPIO_Init                             0x08002dc5   Thumb Code   148  gpio.o(i.MX_GPIO_Init)
    MX_TIM1_Init                             0x08002e65   Thumb Code   208  tim.o(i.MX_TIM1_Init)
    MX_TIM5_Init                             0x08002f3d   Thumb Code    76  tim.o(i.MX_TIM5_Init)
    MX_USART1_UART_Init                      0x08002f95   Thumb Code    46  usart.o(i.MX_USART1_UART_Init)
    MemManage_Handler                        0x08002fd1   Thumb Code     2  stm32f4xx_it.o(i.MemManage_Handler)
    Motor_Init                               0x08002fd5   Thumb Code   106  pmsm.o(i.Motor_Init)
    Motor_Run                                0x08003055   Thumb Code   406  pmsm.o(i.Motor_Run)
    NMI_Handler                              0x08003225   Thumb Code     2  stm32f4xx_it.o(i.NMI_Handler)
    PID_Init                                 0x08003229   Thumb Code   134  pid.o(i.PID_Init)
    Park_Transf                              0x080032c9   Thumb Code    26  foc.o(i.Park_Transf)
    PendSV_Handler                           0x080032e3   Thumb Code     2  stm32f4xx_it.o(i.PendSV_Handler)
    Rev_Park_Transf                          0x080032e5   Thumb Code    26  foc.o(i.Rev_Park_Transf)
    SVC_Handler                              0x080032ff   Thumb Code     2  stm32f4xx_it.o(i.SVC_Handler)
    SVPWM_Calc                               0x08003301   Thumb Code   434  foc.o(i.SVPWM_Calc)
    Speed_PID_Calc                           0x080034c9   Thumb Code   112  pid.o(i.Speed_PID_Calc)
    SysTick_Handler                          0x08003539   Thumb Code    14  stm32f4xx_it.o(i.SysTick_Handler)
    SysTick_ISR                              0x08003547   Thumb Code     4  hall.o(i.SysTick_ISR)
    SystemClock_Config                       0x0800354d   Thumb Code   138  main.o(i.SystemClock_Config)
    SystemInit                               0x080035e1   Thumb Code    12  system_stm32f4xx.o(i.SystemInit)
    TIM5_IRQHandler                          0x080035f1   Thumb Code     6  stm32f4xx_it.o(i.TIM5_IRQHandler)
    TIM_Base_SetConfig                       0x080035fd   Thumb Code   164  stm32f4xx_hal_tim.o(i.TIM_Base_SetConfig)
    TIM_CCxChannelCmd                        0x080036cd   Thumb Code    26  stm32f4xx_hal_tim.o(i.TIM_CCxChannelCmd)
    TIM_OC2_SetConfig                        0x08003761   Thumb Code    98  stm32f4xx_hal_tim.o(i.TIM_OC2_SetConfig)
    TIM_TI1_SetConfig                        0x08003885   Thumb Code   100  stm32f4xx_hal_tim.o(i.TIM_TI1_SetConfig)
    UsageFault_Handler                       0x08003ad3   Thumb Code     2  stm32f4xx_it.o(i.UsageFault_Handler)
    __0printf                                0x08003ad5   Thumb Code    22  printfa.o(i.__0printf)
    __1printf                                0x08003ad5   Thumb Code     0  printfa.o(i.__0printf)
    __2printf                                0x08003ad5   Thumb Code     0  printfa.o(i.__0printf)
    __c89printf                              0x08003ad5   Thumb Code     0  printfa.o(i.__0printf)
    printf                                   0x08003ad5   Thumb Code     0  printfa.o(i.__0printf)
    __ARM_fpclassifyf                        0x08003af5   Thumb Code    38  fpclassifyf.o(i.__ARM_fpclassifyf)
    __hardfp_cosf                            0x08003b3d   Thumb Code   280  cosf.o(i.__hardfp_cosf)
    __hardfp_sinf                            0x08003c8d   Thumb Code   344  sinf.o(i.__hardfp_sinf)
    __mathlib_flt_infnan                     0x08003e1d   Thumb Code     6  funder.o(i.__mathlib_flt_infnan)
    __mathlib_flt_invalid                    0x08003e25   Thumb Code    10  funder.o(i.__mathlib_flt_invalid)
    __mathlib_flt_underflow                  0x08003e35   Thumb Code    10  funder.o(i.__mathlib_flt_underflow)
    __mathlib_rredf2                         0x08003e45   Thumb Code   316  rredf.o(i.__mathlib_rredf2)
    __scatterload_copy                       0x08003f99   Thumb Code    14  handlers.o(i.__scatterload_copy)
    __scatterload_null                       0x08003fa7   Thumb Code     2  handlers.o(i.__scatterload_null)
    __scatterload_zeroinit                   0x08003fa9   Thumb Code    14  handlers.o(i.__scatterload_zeroinit)
    __set_errno                              0x08003fb9   Thumb Code     6  errno.o(i.__set_errno)
    fputc                                    0x08004851   Thumb Code    20  usart.o(i.fputc)
    key_scan                                 0x08004869   Thumb Code   146  key.o(i.key_scan)
    main                                     0x08004905   Thumb Code   148  main.o(i.main)
    pmsm_state_init                          0x080049ad   Thumb Code    14  pmsm.o(i.pmsm_state_init)
    AHBPrescTable                            0x080049c8   Data          16  system_stm32f4xx.o(.constdata)
    APBPrescTable                            0x080049d8   Data           8  system_stm32f4xx.o(.constdata)
    Region$$Table$$Base                      0x08004a00   Number         0  anon$$obj.o(Region$$Table)
    Region$$Table$$Limit                     0x08004a20   Number         0  anon$$obj.o(Region$$Table)
    temper                                   0x20000000   Data           4  pmsm.o(.data)
    pmsm                                     0x20000008   Data           8  pmsm.o(.data)
    Transf_Cos_Sin                           0x20000010   Data           8  foc.o(.data)
    Voltage_DQ                               0x20000018   Data           8  foc.o(.data)
    Voltage_Alpha_Beta                       0x20000020   Data           8  foc.o(.data)
    Current_Ialpha_beta                      0x20000028   Data           8  foc.o(.data)
    Current_Idq                              0x20000030   Data           8  foc.o(.data)
    ADC_DMABuff                              0x20000074   Data           4  main.o(.data)
    uwTickFreq                               0x20000078   Data           1  stm32f4xx_hal.o(.data)
    uwTickPrio                               0x2000007c   Data           4  stm32f4xx_hal.o(.data)
    uwTick                                   0x20000080   Data           4  stm32f4xx_hal.o(.data)
    SystemCoreClock                          0x20000084   Data           4  system_stm32f4xx.o(.data)
    __stdout                                 0x20000088   Data           4  stdout.o(.data)
    rtX                                      0x20000090   Data          20  foc.o(.bss)
    Current_Iabc                             0x200000a4   Data          12  foc.o(.bss)
    Current_D_PID                            0x200000b0   Data          40  pid.o(.bss)
    Current_Q_PID                            0x200000d8   Data          40  pid.o(.bss)
    Speed_PID                                0x20000100   Data          44  pid.o(.bss)
    Hall                                     0x20000154   Data          28  hall.o(.bss)
    hadc1                                    0x20000170   Data          72  adc.o(.bss)
    hadc2                                    0x200001b8   Data          72  adc.o(.bss)
    hadc3                                    0x20000200   Data          72  adc.o(.bss)
    hdma_adc1                                0x20000248   Data          96  adc.o(.bss)
    htim1                                    0x200002a8   Data          72  tim.o(.bss)
    htim5                                    0x200002f0   Data          72  tim.o(.bss)
    huart1                                   0x20000338   Data          72  usart.o(.bss)
    __initial_sp                             0x20000780   Data           0  startup_stm32f407xx.o(STACK)



==============================================================================

Memory Map of the image

  Image Entry point : 0x08000189

  Load Region LR_IROM1 (Base: 0x08000000, Size: 0x00004ab0, Max: 0x00100000, ABSOLUTE)

    Execution Region ER_IROM1 (Exec base: 0x08000000, Load base: 0x08000000, Size: 0x00004a20, Max: 0x00100000, ABSOLUTE)

    Exec Addr    Load Addr    Size         Type   Attr      Idx    E Section Name        Object

    0x08000000   0x08000000   0x00000188   Data   RO            3    RESET               startup_stm32f407xx.o
    0x08000188   0x08000188   0x00000000   Code   RO         3619  * .ARM.Collect$$$$00000000  mc_w.l(entry.o)
    0x08000188   0x08000188   0x00000004   Code   RO         3927    .ARM.Collect$$$$00000001  mc_w.l(entry2.o)
    0x0800018c   0x0800018c   0x00000004   Code   RO         3930    .ARM.Collect$$$$00000004  mc_w.l(entry5.o)
    0x08000190   0x08000190   0x00000000   Code   RO         3932    .ARM.Collect$$$$00000008  mc_w.l(entry7b.o)
    0x08000190   0x08000190   0x00000000   Code   RO         3934    .ARM.Collect$$$$0000000A  mc_w.l(entry8b.o)
    0x08000190   0x08000190   0x00000008   Code   RO         3935    .ARM.Collect$$$$0000000B  mc_w.l(entry9a.o)
    0x08000198   0x08000198   0x00000004   Code   RO         3942    .ARM.Collect$$$$0000000E  mc_w.l(entry12b.o)
    0x0800019c   0x0800019c   0x00000000   Code   RO         3937    .ARM.Collect$$$$0000000F  mc_w.l(entry10a.o)
    0x0800019c   0x0800019c   0x00000000   Code   RO         3939    .ARM.Collect$$$$00000011  mc_w.l(entry11a.o)
    0x0800019c   0x0800019c   0x00000004   Code   RO         3928    .ARM.Collect$$$$00002712  mc_w.l(entry2.o)
    0x080001a0   0x080001a0   0x00000024   Code   RO            4    .text               startup_stm32f407xx.o
    0x080001c4   0x080001c4   0x00000062   Code   RO         3622    .text               mc_w.l(uldiv.o)
    0x08000226   0x08000226   0x00000024   Code   RO         3624    .text               mc_w.l(memseta.o)
    0x0800024a   0x0800024a   0x00000026   Code   RO         3887    .text               mf_w.l(f2d.o)
    0x08000270   0x08000270   0x0000002c   Code   RO         3944    .text               mc_w.l(uidiv.o)
    0x0800029c   0x0800029c   0x0000001e   Code   RO         3946    .text               mc_w.l(llshl.o)
    0x080002ba   0x080002ba   0x00000020   Code   RO         3948    .text               mc_w.l(llushr.o)
    0x080002da   0x080002da   0x00000000   Code   RO         3957    .text               mc_w.l(iusefp.o)
    0x080002da   0x080002da   0x0000014e   Code   RO         3960    .text               mf_w.l(dadd.o)
    0x08000428   0x08000428   0x000000e4   Code   RO         3962    .text               mf_w.l(dmul.o)
    0x0800050c   0x0800050c   0x000000de   Code   RO         3964    .text               mf_w.l(ddiv.o)
    0x080005ea   0x080005ea   0x00000030   Code   RO         3970    .text               mf_w.l(dfixul.o)
    0x0800061a   0x0800061a   0x00000002   PAD
    0x0800061c   0x0800061c   0x00000030   Code   RO         3974    .text               mf_w.l(cdrcmple.o)
    0x0800064c   0x0800064c   0x00000024   Code   RO         3976    .text               mc_w.l(init.o)
    0x08000670   0x08000670   0x00000024   Code   RO         3978    .text               mc_w.l(llsshr.o)
    0x08000694   0x08000694   0x000000ba   Code   RO         3980    .text               mf_w.l(depilogue.o)
    0x0800074e   0x0800074e   0x0000006e   Code   RO          785    i.ADC_DMAConvCplt   stm32f4xx_hal_adc.o
    0x080007bc   0x080007bc   0x00000016   Code   RO          786    i.ADC_DMAError      stm32f4xx_hal_adc.o
    0x080007d2   0x080007d2   0x0000000a   Code   RO          787    i.ADC_DMAHalfConvCplt  stm32f4xx_hal_adc.o
    0x080007dc   0x080007dc   0x00000024   Code   RO          667    i.ADC_IRQHandler    stm32f4xx_it.o
    0x08000800   0x08000800   0x00000128   Code   RO          788    i.ADC_Init          stm32f4xx_hal_adc.o
    0x08000928   0x08000928   0x00000026   Code   RO          189    i.Angle_To_Cos_Sin  foc.o
    0x0800094e   0x0800094e   0x00000038   Code   RO          327    i.BubbleSort        hall.o
    0x08000986   0x08000986   0x00000002   Code   RO          668    i.BusFault_Handler  stm32f4xx_it.o
    0x08000988   0x08000988   0x00000020   Code   RO          190    i.Clarke_Transf     foc.o
    0x080009a8   0x080009a8   0x00000070   Code   RO          285    i.Current_PID_Calc  pid.o
    0x08000a18   0x08000a18   0x0000000c   Code   RO          669    i.DMA2_Stream0_IRQHandler  stm32f4xx_it.o
    0x08000a24   0x08000a24   0x00000028   Code   RO         1519    i.DMA_CalcBaseAndBitshift  stm32f4xx_hal_dma.o
    0x08000a4c   0x08000a4c   0x00000054   Code   RO         1520    i.DMA_CheckFifoParam  stm32f4xx_hal_dma.o
    0x08000aa0   0x08000aa0   0x00000028   Code   RO         1521    i.DMA_SetConfig     stm32f4xx_hal_dma.o
    0x08000ac8   0x08000ac8   0x00000002   Code   RO          670    i.DebugMon_Handler  stm32f4xx_it.o
    0x08000aca   0x08000aca   0x00000004   Code   RO          385    i.Error_Handler     main.o
    0x08000ace   0x08000ace   0x00000002   PAD
    0x08000ad0   0x08000ad0   0x00000050   Code   RO          191    i.FOC_Init          foc.o
    0x08000b20   0x08000b20   0x00000114   Code   RO          192    i.FOC_Run           foc.o
    0x08000c34   0x08000c34   0x000001bc   Code   RO          958    i.HAL_ADCEx_InjectedConfigChannel  stm32f4xx_hal_adc_ex.o
    0x08000df0   0x08000df0   0x00000004   Code   RO          469    i.HAL_ADCEx_InjectedConvCpltCallback  adc.o
    0x08000df4   0x08000df4   0x000000dc   Code   RO          962    i.HAL_ADCEx_InjectedStart  stm32f4xx_hal_adc_ex.o
    0x08000ed0   0x08000ed0   0x000000e4   Code   RO          963    i.HAL_ADCEx_InjectedStart_IT  stm32f4xx_hal_adc_ex.o
    0x08000fb4   0x08000fb4   0x00000054   Code   RO          966    i.HAL_ADCEx_MultiModeConfigChannel  stm32f4xx_hal_adc_ex.o
    0x08001008   0x08001008   0x0000014c   Code   RO          790    i.HAL_ADC_ConfigChannel  stm32f4xx_hal_adc.o
    0x08001154   0x08001154   0x00000002   Code   RO          791    i.HAL_ADC_ConvCpltCallback  stm32f4xx_hal_adc.o
    0x08001156   0x08001156   0x00000002   Code   RO          792    i.HAL_ADC_ConvHalfCpltCallback  stm32f4xx_hal_adc.o
    0x08001158   0x08001158   0x00000002   Code   RO          794    i.HAL_ADC_ErrorCallback  stm32f4xx_hal_adc.o
    0x0800115a   0x0800115a   0x0000012e   Code   RO          798    i.HAL_ADC_IRQHandler  stm32f4xx_hal_adc.o
    0x08001288   0x08001288   0x00000054   Code   RO          799    i.HAL_ADC_Init      stm32f4xx_hal_adc.o
    0x080012dc   0x080012dc   0x00000002   Code   RO          800    i.HAL_ADC_LevelOutOfWindowCallback  stm32f4xx_hal_adc.o
    0x080012de   0x080012de   0x00000002   PAD
    0x080012e0   0x080012e0   0x00000148   Code   RO          471    i.HAL_ADC_MspInit   adc.o
    0x08001428   0x08001428   0x00000158   Code   RO          806    i.HAL_ADC_Start_DMA  stm32f4xx_hal_adc.o
    0x08001580   0x08001580   0x000001a0   Code   RO         1527    i.HAL_DMA_IRQHandler  stm32f4xx_hal_dma.o
    0x08001720   0x08001720   0x000000d4   Code   RO         1528    i.HAL_DMA_Init      stm32f4xx_hal_dma.o
    0x080017f4   0x080017f4   0x0000006e   Code   RO         1532    i.HAL_DMA_Start_IT  stm32f4xx_hal_dma.o
    0x08001862   0x08001862   0x00000002   PAD
    0x08001864   0x08001864   0x00000024   Code   RO         1959    i.HAL_Delay         stm32f4xx_hal.o
    0x08001888   0x08001888   0x000001f0   Code   RO         1415    i.HAL_GPIO_Init     stm32f4xx_hal_gpio.o
    0x08001a78   0x08001a78   0x0000000a   Code   RO         1417    i.HAL_GPIO_ReadPin  stm32f4xx_hal_gpio.o
    0x08001a82   0x08001a82   0x0000000a   Code   RO         1419    i.HAL_GPIO_WritePin  stm32f4xx_hal_gpio.o
    0x08001a8c   0x08001a8c   0x0000000c   Code   RO         1965    i.HAL_GetTick       stm32f4xx_hal.o
    0x08001a98   0x08001a98   0x00000010   Code   RO         1971    i.HAL_IncTick       stm32f4xx_hal.o
    0x08001aa8   0x08001aa8   0x00000034   Code   RO         1972    i.HAL_Init          stm32f4xx_hal.o
    0x08001adc   0x08001adc   0x00000040   Code   RO         1973    i.HAL_InitTick      stm32f4xx_hal.o
    0x08001b1c   0x08001b1c   0x00000030   Code   RO          761    i.HAL_MspInit       stm32f4xx_hal_msp.o
    0x08001b4c   0x08001b4c   0x0000001a   Code   RO         1807    i.HAL_NVIC_EnableIRQ  stm32f4xx_hal_cortex.o
    0x08001b66   0x08001b66   0x00000002   PAD
    0x08001b68   0x08001b68   0x00000040   Code   RO         1813    i.HAL_NVIC_SetPriority  stm32f4xx_hal_cortex.o
    0x08001ba8   0x08001ba8   0x00000024   Code   RO         1814    i.HAL_NVIC_SetPriorityGrouping  stm32f4xx_hal_cortex.o
    0x08001bcc   0x08001bcc   0x00000134   Code   RO         1061    i.HAL_RCC_ClockConfig  stm32f4xx_hal_rcc.o
    0x08001d00   0x08001d00   0x00000020   Code   RO         1068    i.HAL_RCC_GetPCLK1Freq  stm32f4xx_hal_rcc.o
    0x08001d20   0x08001d20   0x00000020   Code   RO         1069    i.HAL_RCC_GetPCLK2Freq  stm32f4xx_hal_rcc.o
    0x08001d40   0x08001d40   0x00000060   Code   RO         1070    i.HAL_RCC_GetSysClockFreq  stm32f4xx_hal_rcc.o
    0x08001da0   0x08001da0   0x0000036c   Code   RO         1073    i.HAL_RCC_OscConfig  stm32f4xx_hal_rcc.o
    0x0800210c   0x0800210c   0x00000028   Code   RO         1818    i.HAL_SYSTICK_Config  stm32f4xx_hal_cortex.o
    0x08002134   0x08002134   0x00000002   Code   RO         2916    i.HAL_TIMEx_BreakCallback  stm32f4xx_hal_tim_ex.o
    0x08002136   0x08002136   0x00000002   Code   RO         2917    i.HAL_TIMEx_CommutCallback  stm32f4xx_hal_tim_ex.o
    0x08002138   0x08002138   0x00000054   Code   RO         2919    i.HAL_TIMEx_ConfigBreakDeadTime  stm32f4xx_hal_tim_ex.o
    0x0800218c   0x0800218c   0x000000d0   Code   RO         2926    i.HAL_TIMEx_HallSensor_Init  stm32f4xx_hal_tim_ex.o
    0x0800225c   0x0800225c   0x00000078   Code   RO          554    i.HAL_TIMEx_HallSensor_MspInit  tim.o
    0x080022d4   0x080022d4   0x000000b4   Code   RO         2931    i.HAL_TIMEx_HallSensor_Start_IT  stm32f4xx_hal_tim_ex.o
    0x08002388   0x08002388   0x00000090   Code   RO         2935    i.HAL_TIMEx_MasterConfigSynchronization  stm32f4xx_hal_tim_ex.o
    0x08002418   0x08002418   0x000000c0   Code   RO         2946    i.HAL_TIMEx_PWMN_Start  stm32f4xx_hal_tim_ex.o
    0x080024d8   0x080024d8   0x00000002   Code   RO         2246    i.HAL_TIM_IC_CaptureCallback  stm32f4xx_hal_tim.o
    0x080024da   0x080024da   0x00000130   Code   RO         2260    i.HAL_TIM_IRQHandler  stm32f4xx_hal_tim.o
    0x0800260a   0x0800260a   0x00000002   PAD
    0x0800260c   0x0800260c   0x00000080   Code   RO          555    i.HAL_TIM_MspPostInit  tim.o
    0x0800268c   0x0800268c   0x00000002   Code   RO         2263    i.HAL_TIM_OC_DelayElapsedCallback  stm32f4xx_hal_tim.o
    0x0800268e   0x0800268e   0x000000cc   Code   RO         2284    i.HAL_TIM_PWM_ConfigChannel  stm32f4xx_hal_tim.o
    0x0800275a   0x0800275a   0x0000005a   Code   RO         2287    i.HAL_TIM_PWM_Init  stm32f4xx_hal_tim.o
    0x080027b4   0x080027b4   0x00000028   Code   RO          557    i.HAL_TIM_PWM_MspInit  tim.o
    0x080027dc   0x080027dc   0x00000002   Code   RO         2290    i.HAL_TIM_PWM_PulseFinishedCallback  stm32f4xx_hal_tim.o
    0x080027de   0x080027de   0x00000002   PAD
    0x080027e0   0x080027e0   0x000000c8   Code   RO         2292    i.HAL_TIM_PWM_Start  stm32f4xx_hal_tim.o
    0x080028a8   0x080028a8   0x00000002   Code   RO         2298    i.HAL_TIM_PeriodElapsedCallback  stm32f4xx_hal_tim.o
    0x080028aa   0x080028aa   0x00000002   PAD
    0x080028ac   0x080028ac   0x000000c8   Code   RO          328    i.HAL_TIM_TriggerCallback  hall.o
    0x08002974   0x08002974   0x00000064   Code   RO         3213    i.HAL_UART_Init     stm32f4xx_hal_uart.o
    0x080029d8   0x080029d8   0x00000068   Code   RO          620    i.HAL_UART_MspInit  usart.o
    0x08002a40   0x08002a40   0x000000a0   Code   RO         3221    i.HAL_UART_Transmit  stm32f4xx_hal_uart.o
    0x08002ae0   0x08002ae0   0x00000018   Code   RO          329    i.Hall_Init         hall.o
    0x08002af8   0x08002af8   0x000000c0   Code   RO          330    i.Hall_SpeedFilter  hall.o
    0x08002bb8   0x08002bb8   0x00000002   Code   RO          671    i.HardFault_Handler  stm32f4xx_it.o
    0x08002bba   0x08002bba   0x00000002   PAD
    0x08002bbc   0x08002bbc   0x000000cc   Code   RO          472    i.MX_ADC1_Init      adc.o
    0x08002c88   0x08002c88   0x00000088   Code   RO          473    i.MX_ADC2_Init      adc.o
    0x08002d10   0x08002d10   0x00000088   Code   RO          474    i.MX_ADC3_Init      adc.o
    0x08002d98   0x08002d98   0x0000002c   Code   RO          529    i.MX_DMA_Init       dma.o
    0x08002dc4   0x08002dc4   0x000000a0   Code   RO          445    i.MX_GPIO_Init      gpio.o
    0x08002e64   0x08002e64   0x000000d8   Code   RO          558    i.MX_TIM1_Init      tim.o
    0x08002f3c   0x08002f3c   0x00000058   Code   RO          559    i.MX_TIM5_Init      tim.o
    0x08002f94   0x08002f94   0x0000003c   Code   RO          621    i.MX_USART1_UART_Init  usart.o
    0x08002fd0   0x08002fd0   0x00000002   Code   RO          672    i.MemManage_Handler  stm32f4xx_it.o
    0x08002fd2   0x08002fd2   0x00000002   PAD
    0x08002fd4   0x08002fd4   0x00000080   Code   RO           14    i.Motor_Init        pmsm.o
    0x08003054   0x08003054   0x000001d0   Code   RO           15    i.Motor_Run         pmsm.o
    0x08003224   0x08003224   0x00000002   Code   RO          673    i.NMI_Handler       stm32f4xx_it.o
    0x08003226   0x08003226   0x00000002   PAD
    0x08003228   0x08003228   0x000000a0   Code   RO          286    i.PID_Init          pid.o
    0x080032c8   0x080032c8   0x0000001a   Code   RO          193    i.Park_Transf       foc.o
    0x080032e2   0x080032e2   0x00000002   Code   RO          674    i.PendSV_Handler    stm32f4xx_it.o
    0x080032e4   0x080032e4   0x0000001a   Code   RO          194    i.Rev_Park_Transf   foc.o
    0x080032fe   0x080032fe   0x00000002   Code   RO          675    i.SVC_Handler       stm32f4xx_it.o
    0x08003300   0x08003300   0x000001c8   Code   RO          195    i.SVPWM_Calc        foc.o
    0x080034c8   0x080034c8   0x00000070   Code   RO          287    i.Speed_PID_Calc    pid.o
    0x08003538   0x08003538   0x0000000e   Code   RO          676    i.SysTick_Handler   stm32f4xx_it.o
    0x08003546   0x08003546   0x00000004   Code   RO          331    i.SysTick_ISR       hall.o
    0x0800354a   0x0800354a   0x00000002   PAD
    0x0800354c   0x0800354c   0x00000094   Code   RO          386    i.SystemClock_Config  main.o
    0x080035e0   0x080035e0   0x00000010   Code   RO         3547    i.SystemInit        system_stm32f4xx.o
    0x080035f0   0x080035f0   0x0000000c   Code   RO          677    i.TIM5_IRQHandler   stm32f4xx_it.o
    0x080035fc   0x080035fc   0x000000d0   Code   RO         2305    i.TIM_Base_SetConfig  stm32f4xx_hal_tim.o
    0x080036cc   0x080036cc   0x0000001a   Code   RO         2306    i.TIM_CCxChannelCmd  stm32f4xx_hal_tim.o
    0x080036e6   0x080036e6   0x0000001a   Code   RO         2955    i.TIM_CCxNChannelCmd  stm32f4xx_hal_tim_ex.o
    0x08003700   0x08003700   0x00000060   Code   RO         2318    i.TIM_OC1_SetConfig  stm32f4xx_hal_tim.o
    0x08003760   0x08003760   0x0000006c   Code   RO         2319    i.TIM_OC2_SetConfig  stm32f4xx_hal_tim.o
    0x080037cc   0x080037cc   0x00000068   Code   RO         2320    i.TIM_OC3_SetConfig  stm32f4xx_hal_tim.o
    0x08003834   0x08003834   0x00000050   Code   RO         2321    i.TIM_OC4_SetConfig  stm32f4xx_hal_tim.o
    0x08003884   0x08003884   0x00000080   Code   RO         2324    i.TIM_TI1_SetConfig  stm32f4xx_hal_tim.o
    0x08003904   0x08003904   0x0000004e   Code   RO         3236    i.UART_EndRxTransfer  stm32f4xx_hal_uart.o
    0x08003952   0x08003952   0x00000002   PAD
    0x08003954   0x08003954   0x0000010c   Code   RO         3239    i.UART_SetConfig    stm32f4xx_hal_uart.o
    0x08003a60   0x08003a60   0x00000072   Code   RO         3242    i.UART_WaitOnFlagUntilTimeout  stm32f4xx_hal_uart.o
    0x08003ad2   0x08003ad2   0x00000002   Code   RO          678    i.UsageFault_Handler  stm32f4xx_it.o
    0x08003ad4   0x08003ad4   0x00000020   Code   RO         3859    i.__0printf         mc_w.l(printfa.o)
    0x08003af4   0x08003af4   0x00000026   Code   RO         3905    i.__ARM_fpclassifyf  m_wm.l(fpclassifyf.o)
    0x08003b1a   0x08003b1a   0x00000020   Code   RO         1820    i.__NVIC_SetPriority  stm32f4xx_hal_cortex.o
    0x08003b3a   0x08003b3a   0x00000002   PAD
    0x08003b3c   0x08003b3c   0x00000150   Code   RO         3581    i.__hardfp_cosf     m_wm.l(cosf.o)
    0x08003c8c   0x08003c8c   0x00000190   Code   RO         3607    i.__hardfp_sinf     m_wm.l(sinf.o)
    0x08003e1c   0x08003e1c   0x00000006   Code   RO         3908    i.__mathlib_flt_infnan  m_wm.l(funder.o)
    0x08003e22   0x08003e22   0x00000002   PAD
    0x08003e24   0x08003e24   0x00000010   Code   RO         3910    i.__mathlib_flt_invalid  m_wm.l(funder.o)
    0x08003e34   0x08003e34   0x00000010   Code   RO         3913    i.__mathlib_flt_underflow  m_wm.l(funder.o)
    0x08003e44   0x08003e44   0x00000154   Code   RO         3924    i.__mathlib_rredf2  m_wm.l(rredf.o)
    0x08003f98   0x08003f98   0x0000000e   Code   RO         3984    i.__scatterload_copy  mc_w.l(handlers.o)
    0x08003fa6   0x08003fa6   0x00000002   Code   RO         3985    i.__scatterload_null  mc_w.l(handlers.o)
    0x08003fa8   0x08003fa8   0x0000000e   Code   RO         3986    i.__scatterload_zeroinit  mc_w.l(handlers.o)
    0x08003fb6   0x08003fb6   0x00000002   PAD
    0x08003fb8   0x08003fb8   0x0000000c   Code   RO         3952    i.__set_errno       mc_w.l(errno.o)
    0x08003fc4   0x08003fc4   0x00000184   Code   RO         3866    i._fp_digits        mc_w.l(printfa.o)
    0x08004148   0x08004148   0x000006b4   Code   RO         3867    i._printf_core      mc_w.l(printfa.o)
    0x080047fc   0x080047fc   0x00000024   Code   RO         3868    i._printf_post_padding  mc_w.l(printfa.o)
    0x08004820   0x08004820   0x0000002e   Code   RO         3869    i._printf_pre_padding  mc_w.l(printfa.o)
    0x0800484e   0x0800484e   0x00000002   PAD
    0x08004850   0x08004850   0x00000018   Code   RO          622    i.fputc             usart.o
    0x08004868   0x08004868   0x0000009c   Code   RO          257    i.key_scan          key.o
    0x08004904   0x08004904   0x000000a8   Code   RO          387    i.main              main.o
    0x080049ac   0x080049ac   0x00000014   Code   RO           16    i.pmsm_state_init   pmsm.o
    0x080049c0   0x080049c0   0x00000008   Data   RO         1534    .constdata          stm32f4xx_hal_dma.o
    0x080049c8   0x080049c8   0x00000010   Data   RO         3548    .constdata          system_stm32f4xx.o
    0x080049d8   0x080049d8   0x00000008   Data   RO         3549    .constdata          system_stm32f4xx.o
    0x080049e0   0x080049e0   0x00000020   Data   RO         3925    .constdata          m_wm.l(rredf.o)
    0x08004a00   0x08004a00   0x00000020   Data   RO         3982    Region$$Table       anon$$obj.o


    Execution Region RW_IRAM1 (Exec base: 0x20000000, Load base: 0x08004a20, Size: 0x00000780, Max: 0x0001c000, ABSOLUTE)

    Exec Addr    Load Addr    Size         Type   Attr      Idx    E Section Name        Object

    0x20000000   0x08004a20   0x00000010   Data   RW           22    .data               pmsm.o
    0x20000010   0x08004a30   0x00000028   Data   RW          197    .data               foc.o
    0x20000038   0x08004a58   0x00000001   Data   RW          258    .data               key.o
    0x20000039   0x08004a59   0x00000003   PAD
    0x2000003c   0x08004a5c   0x00000038   Data   RW          333    .data               hall.o
    0x20000074   0x08004a94   0x00000004   Data   RW          388    .data               main.o
    0x20000078   0x08004a98   0x0000000c   Data   RW         1979    .data               stm32f4xx_hal.o
    0x20000084   0x08004aa4   0x00000004   Data   RW         3550    .data               system_stm32f4xx.o
    0x20000088   0x08004aa8   0x00000004   Data   RW         3943    .data               mc_w.l(stdout.o)
    0x2000008c   0x08004aac   0x00000004   Data   RW         3953    .data               mc_w.l(errno.o)
    0x20000090        -       0x00000020   Zero   RW          196    .bss                foc.o
    0x200000b0        -       0x0000007c   Zero   RW          288    .bss                pid.o
    0x2000012c        -       0x00000044   Zero   RW          332    .bss                hall.o
    0x20000170        -       0x00000138   Zero   RW          475    .bss                adc.o
    0x200002a8        -       0x00000090   Zero   RW          560    .bss                tim.o
    0x20000338        -       0x00000048   Zero   RW          623    .bss                usart.o
    0x20000380        -       0x00000400   Zero   RW            1    STACK               startup_stm32f407xx.o


    Execution Region RW_IRAM2 (Exec base: 0x2001c000, Load base: 0x08004ab0, Size: 0x00000000, Max: 0x00004000, ABSOLUTE)

    **** No section assigned to this execution region ****


==============================================================================

Image component sizes


      Code (inc. data)   RO Data    RW Data    ZI Data      Debug   Object Name

       808         66          0          0        312       3966   adc.o
        44          4          0          0          0        750   dma.o
       934        102          0         40         32       6079   foc.o
       160         12          0          0          0        979   gpio.o
       476         74          0         56         68       3836   hall.o
       156         10          0          1          0        667   key.o
       320         30          0          4          0       3598   main.o
       384         26          0          0        124       3007   pid.o
       612         86          0         16          0     714375   pmsm.o
        36          8        392          0       1024        824   startup_stm32f407xx.o
       180         28          0         12          0       9313   stm32f4xx_hal.o
      1508         66          0          0          0       8901   stm32f4xx_hal_adc.o
       976         56          0          0          0       4092   stm32f4xx_hal_adc_ex.o
       198         14          0          0          0      33759   stm32f4xx_hal_cortex.o
       902         16          8          0          0       5719   stm32f4xx_hal_dma.o
       516         46          0          0          0       2803   stm32f4xx_hal_gpio.o
        48          6          0          0          0        834   stm32f4xx_hal_msp.o
      1344         72          0          0          0       5188   stm32f4xx_hal_rcc.o
      1556        136          0          0          0      12358   stm32f4xx_hal_tim.o
       838         86          0          0          0       6604   stm32f4xx_hal_tim_ex.o
       720         10          0          0          0       4784   stm32f4xx_hal_uart.o
        90         24          0          0          0       5519   stm32f4xx_it.o
        16          4         24          4          0       1091   system_stm32f4xx.o
       592         62          0          0        144       3739   tim.o
       188         30          0          0         72       2266   usart.o

    ----------------------------------------------------------------------
     13628       1074        456        136       1776     845051   Object Totals
         0          0         32          0          0          0   (incl. Generated)
        26          0          0          3          0          0   (incl. Padding)

    ----------------------------------------------------------------------

      Code (inc. data)   RO Data    RW Data    ZI Data      Debug   Library Member Name

       336         56          0          0          0        136   cosf.o
        38          0          0          0          0        116   fpclassifyf.o
        38         12          0          0          0        348   funder.o
       340         24         32          0          0        160   rredf.o
       400         56          0          0          0        212   sinf.o
         0          0          0          0          0          0   entry.o
         0          0          0          0          0          0   entry10a.o
         0          0          0          0          0          0   entry11a.o
         4          0          0          0          0          0   entry12b.o
         8          4          0          0          0          0   entry2.o
         4          0          0          0          0          0   entry5.o
         0          0          0          0          0          0   entry7b.o
         0          0          0          0          0          0   entry8b.o
         8          4          0          0          0          0   entry9a.o
        12          6          0          4          0         68   errno.o
        30          0          0          0          0          0   handlers.o
        36          8          0          0          0         68   init.o
         0          0          0          0          0          0   iusefp.o
        30          0          0          0          0         68   llshl.o
        36          0          0          0          0         68   llsshr.o
        32          0          0          0          0         68   llushr.o
        36          0          0          0          0        108   memseta.o
      2218         90          0          0          0        464   printfa.o
         0          0          0          4          0          0   stdout.o
        44          0          0          0          0         80   uidiv.o
        98          0          0          0          0         92   uldiv.o
        48          0          0          0          0         68   cdrcmple.o
       334          0          0          0          0        148   dadd.o
       222          0          0          0          0        100   ddiv.o
       186          0          0          0          0        176   depilogue.o
        48          0          0          0          0         68   dfixul.o
       228          0          0          0          0         96   dmul.o
        38          0          0          0          0         68   f2d.o

    ----------------------------------------------------------------------
      4860        260         32          8          0       2780   Library Totals
         8          0          0          0          0          0   (incl. Padding)

    ----------------------------------------------------------------------

      Code (inc. data)   RO Data    RW Data    ZI Data      Debug   Library Name

      1152        148         32          0          0        972   m_wm.l
      2596        112          0          8          0       1084   mc_w.l
      1104          0          0          0          0        724   mf_w.l

    ----------------------------------------------------------------------
      4860        260         32          8          0       2780   Library Totals

    ----------------------------------------------------------------------

==============================================================================


      Code (inc. data)   RO Data    RW Data    ZI Data      Debug   

     18488       1334        488        144       1776     835903   Grand Totals
     18488       1334        488        144       1776     835903   ELF Image Totals
     18488       1334        488        144          0          0   ROM Totals

==============================================================================

    Total RO  Size (Code + RO Data)                18976 (  18.53kB)
    Total RW  Size (RW Data + ZI Data)              1920 (   1.88kB)
    Total ROM Size (Code + RO Data + RW Data)      19120 (  18.67kB)

==============================================================================

